Archive member included to satisfy reference by file (symbol)

D:\1_WorkSpace\FW\Renesas\CK_RA6M5---I2C\ra\fsp\lib\rm_zmod4xxx\cm33_gcc\lib_iaq_2nd_gen.a(iaq_2nd_gen.o)
                              ./src/dev/zmod4410/zmod4410_adapter.o (init_iaq_2nd_gen)
D:\1_WorkSpace\FW\Renesas\CK_RA6M5---I2C\ra\fsp\lib\rm_zmod4xxx\cm33_gcc\lib_iaq_2nd_gen.a(iaq_2nd_gen_RH_nnet.o)
                              D:\1_WorkSpace\FW\Renesas\CK_RA6M5---I2C\ra\fsp\lib\rm_zmod4xxx\cm33_gcc\lib_iaq_2nd_gen.a(iaq_2nd_gen.o) (calc_iaq_2nd_gen_RH_nnet)
D:\1_WorkSpace\FW\Renesas\CK_RA6M5---I2C\ra\fsp\lib\rm_zmod4xxx\cm33_gcc\lib_iaq_2nd_gen.a(iaq_2nd_gen_T_nnet.o)
                              D:\1_WorkSpace\FW\Renesas\CK_RA6M5---I2C\ra\fsp\lib\rm_zmod4xxx\cm33_gcc\lib_iaq_2nd_gen.a(iaq_2nd_gen.o) (calc_iaq_2nd_gen_T_nnet)
D:\1_WorkSpace\FW\Renesas\CK_RA6M5---I2C\ra\fsp\lib\rm_zmod4xxx\cm33_gcc\lib_iaq_2nd_gen.a(iaq_2nd_gen_V6_nnet.o)
                              D:\1_WorkSpace\FW\Renesas\CK_RA6M5---I2C\ra\fsp\lib\rm_zmod4xxx\cm33_gcc\lib_iaq_2nd_gen.a(iaq_2nd_gen.o) (calc_iaq_2nd_gen_V6_nnet)
D:\1_WorkSpace\FW\Renesas\CK_RA6M5---I2C\ra\fsp\lib\rm_zmod4xxx\cm33_gcc\lib_iaq_2nd_gen.a(iaq_2nd_gen_nnet.o)
                              D:\1_WorkSpace\FW\Renesas\CK_RA6M5---I2C\ra\fsp\lib\rm_zmod4xxx\cm33_gcc\lib_iaq_2nd_gen.a(iaq_2nd_gen.o) (calc_iaq_2nd_gen_nnet)
D:\1_WorkSpace\FW\Renesas\CK_RA6M5---I2C\ra\fsp\lib\rm_zmod4xxx\cm33_gcc\lib_iaq_2nd_gen.a(nnet_funcs.o)
                              D:\1_WorkSpace\FW\Renesas\CK_RA6M5---I2C\ra\fsp\lib\rm_zmod4xxx\cm33_gcc\lib_iaq_2nd_gen.a(iaq_2nd_gen.o) (nnet_funcs_safe_exp)
C:/Program Files (x86)/Arm GNU Toolchain arm-none-eabi/13.2 Rel1/bin/../lib/gcc/arm-none-eabi/13.2.1/thumb/v8-m.main+fp/hard\libgcc.a(_arm_addsubdf3.o)
                              ./src/dev/zmod4410/zmod4410_adapter.o (__aeabi_f2d)
C:/Program Files (x86)/Arm GNU Toolchain arm-none-eabi/13.2 Rel1/bin/../lib/gcc/arm-none-eabi/13.2.1/thumb/v8-m.main+fp/hard\libgcc.a(_arm_cmpdf2.o)
                              D:\1_WorkSpace\FW\Renesas\CK_RA6M5---I2C\ra\fsp\lib\rm_zmod4xxx\cm33_gcc\lib_iaq_2nd_gen.a(iaq_2nd_gen.o) (__aeabi_dcmplt)
C:/Program Files (x86)/Arm GNU Toolchain arm-none-eabi/13.2 Rel1/bin/../lib/gcc/arm-none-eabi/13.2.1/thumb/v8-m.main+fp/hard\libgcc.a(_arm_truncdfsf2.o)
                              D:\1_WorkSpace\FW\Renesas\CK_RA6M5---I2C\ra\fsp\lib\rm_zmod4xxx\cm33_gcc\lib_iaq_2nd_gen.a(iaq_2nd_gen.o) (__aeabi_d2f)
C:/Program Files (x86)/Arm GNU Toolchain arm-none-eabi/13.2 Rel1/bin/../lib/gcc/arm-none-eabi/13.2.1/thumb/v8-m.main+fp/hard\libgcc.a(_aeabi_ldivmod.o)
                              ./ra/fsp/src/r_sci_uart/r_sci_uart.o (__aeabi_ldivmod)
C:/Program Files (x86)/Arm GNU Toolchain arm-none-eabi/13.2 Rel1/bin/../lib/gcc/arm-none-eabi/13.2.1/thumb/v8-m.main+fp/hard\libgcc.a(_udivmoddi4.o)
                              C:/Program Files (x86)/Arm GNU Toolchain arm-none-eabi/13.2 Rel1/bin/../lib/gcc/arm-none-eabi/13.2.1/thumb/v8-m.main+fp/hard\libgcc.a(_aeabi_ldivmod.o) (__udivmoddi4)
C:/Program Files (x86)/Arm GNU Toolchain arm-none-eabi/13.2 Rel1/bin/../lib/gcc/arm-none-eabi/13.2.1/thumb/v8-m.main+fp/hard\libgcc.a(_dvmd_tls.o)
                              C:/Program Files (x86)/Arm GNU Toolchain arm-none-eabi/13.2 Rel1/bin/../lib/gcc/arm-none-eabi/13.2.1/thumb/v8-m.main+fp/hard\libgcc.a(_aeabi_ldivmod.o) (__aeabi_ldiv0)
C:/Program Files (x86)/Arm GNU Toolchain arm-none-eabi/13.2 Rel1/bin/../lib/gcc/arm-none-eabi/13.2.1/thumb/v8-m.main+fp/hard\libg_nano.a(libc_a-exit.o)
                              C:/Program Files (x86)/Arm GNU Toolchain arm-none-eabi/13.2 Rel1/bin/../lib/gcc/arm-none-eabi/13.2.1/thumb/v8-m.main+fp/hard/crt0.o (exit)
C:/Program Files (x86)/Arm GNU Toolchain arm-none-eabi/13.2 Rel1/bin/../lib/gcc/arm-none-eabi/13.2.1/thumb/v8-m.main+fp/hard\libg_nano.a(libc_a-findfp.o)
                              C:/Program Files (x86)/Arm GNU Toolchain arm-none-eabi/13.2 Rel1/bin/../lib/gcc/arm-none-eabi/13.2.1/thumb/v8-m.main+fp/hard\libg_nano.a(libc_a-exit.o) (__stdio_exit_handler)
C:/Program Files (x86)/Arm GNU Toolchain arm-none-eabi/13.2 Rel1/bin/../lib/gcc/arm-none-eabi/13.2.1/thumb/v8-m.main+fp/hard\libg_nano.a(libc_a-fwalk.o)
                              C:/Program Files (x86)/Arm GNU Toolchain arm-none-eabi/13.2 Rel1/bin/../lib/gcc/arm-none-eabi/13.2.1/thumb/v8-m.main+fp/hard\libg_nano.a(libc_a-findfp.o) (_fwalk_sglue)
C:/Program Files (x86)/Arm GNU Toolchain arm-none-eabi/13.2 Rel1/bin/../lib/gcc/arm-none-eabi/13.2.1/thumb/v8-m.main+fp/hard\libg_nano.a(libc_a-snprintf.o)
                              ./src/dev/zmod4410/zmod4410_adapter.o (snprintf)
C:/Program Files (x86)/Arm GNU Toolchain arm-none-eabi/13.2 Rel1/bin/../lib/gcc/arm-none-eabi/13.2.1/thumb/v8-m.main+fp/hard\libg_nano.a(libc_a-stdio.o)
                              C:/Program Files (x86)/Arm GNU Toolchain arm-none-eabi/13.2 Rel1/bin/../lib/gcc/arm-none-eabi/13.2.1/thumb/v8-m.main+fp/hard\libg_nano.a(libc_a-findfp.o) (__sread)
[...]
Memory Configuration

Name             Origin             Length             Attributes
RAM              0x20000000         0x00080000         xrw
FLASH            0x00000000         0x00200000         xr
DATA_FLASH       0x08000000         0x00002000         xr
QSPI_FLASH       0x60000000         0x04000000         xr
OSPI0_CS0        0x68000000         0x08000000         xrw
OSPI0_CS1        0x70000000         0x10000000         xr
OPTION_SETTING_OFS0 0x0100a100         0x00000004         r
OPTION_SETTING_DUALSEL 0x0100a110         0x00000004         r
OPTION_SETTING_OFS1 0x0100a180         0x00000004         r
OPTION_SETTING_BANKSEL 0x0100a190         0x00000004         r
OPTION_SETTING_BPS 0x0100a1c0         0x00000010         r
OPTION_SETTING_PBPS 0x0100a1e0         0x00000010         r
OPTION_SETTING_OFS1_SEC 0x0100a200         0x00000004         r
OPTION_SETTING_BANKSEL_SEC 0x0100a210         0x00000004         r
OPTION_SETTING_BPS_SEC 0x0100a240         0x00000010         r
OPTION_SETTING_PBPS_SEC 0x0100a260         0x00000010         r
OPTION_SETTING_OFS1_SEL 0x0100a280         0x00000004         r
OPTION_SETTING_BANKSEL_SEL 0x0100a290         0x00000004         r
OPTION_SETTING_BPS_SEL 0x0100a2c0         0x00000010         r
*default*        0x00000000         0xffffffff

Linker script and memory map

LOAD C:/Program Files (x86)/Arm GNU Toolchain arm-none-eabi/13.2 Rel1/bin/../lib/gcc/arm-none-eabi/13.2.1/thumb/v8-m.main+fp/hard/crti.o
LOAD C:/Program Files (x86)/Arm GNU Toolchain arm-none-eabi/13.2 Rel1/bin/../lib/gcc/arm-none-eabi/13.2.1/thumb/v8-m.main+fp/hard/crtbegin.o
LOAD C:/Program Files (x86)/Arm GNU Toolchain arm-none-eabi/13.2 Rel1/bin/../lib/gcc/arm-none-eabi/13.2.1/thumb/v8-m.main+fp/hard/crt0.o
START GROUP
LOAD ./src/dev/zmod4410/zmod4410_adapter.o
LOAD ./src/dev/uart/uart.o
LOAD ./src/dev/i2c/i2c.o
LOAD ./src/hal_entry.o
LOAD ./src/hal_warmstart.o
LOAD ./ra_gen/common_data.o
LOAD ./ra_gen/hal_data.o
LOAD ./ra_gen/main.o
LOAD ./ra_gen/pin_data.o
LOAD ./ra_gen/vector_data.o
LOAD ./ra/fsp/src/rm_zmod4xxx/iaq_2nd_gen/rm_zmod4410_iaq_2nd_gen.o
LOAD ./ra/fsp/src/rm_zmod4xxx/rm_zmod4xxx.o
LOAD ./ra/fsp/src/rm_zmod4xxx/rm_zmod4xxx_ra_driver.o
LOAD ./ra/fsp/src/rm_comms_i2c/rm_comms_i2c.o
LOAD ./ra/fsp/src/rm_comms_i2c/rm_comms_i2c_driver_ra.o
LOAD ./ra/fsp/src/r_sci_uart/r_sci_uart.o
LOAD ./ra/fsp/src/r_ioport/r_ioport.o
LOAD ./ra/fsp/src/r_iic_master/r_iic_master.o
LOAD ./ra/fsp/src/bsp/mcu/ra6m5/bsp_linker.o
LOAD ./ra/fsp/src/bsp/mcu/all/bsp_clocks.o
LOAD ./ra/fsp/src/bsp/mcu/all/bsp_common.o
LOAD ./ra/fsp/src/bsp/mcu/all/bsp_delay.o
LOAD ./ra/fsp/src/bsp/mcu/all/bsp_group_irq.o
LOAD ./ra/fsp/src/bsp/mcu/all/bsp_guard.o
LOAD ./ra/fsp/src/bsp/mcu/all/bsp_io.o
LOAD ./ra/fsp/src/bsp/mcu/all/bsp_ipc.o
LOAD ./ra/fsp/src/bsp/mcu/all/bsp_irq.o
LOAD ./ra/fsp/src/bsp/mcu/all/bsp_macl.o
LOAD ./ra/fsp/src/bsp/mcu/all/bsp_ospi_b.o
LOAD ./ra/fsp/src/bsp/mcu/all/bsp_register_protection.o
LOAD ./ra/fsp/src/bsp/mcu/all/bsp_sbrk.o
LOAD ./ra/fsp/src/bsp/mcu/all/bsp_sdram.o
LOAD ./ra/fsp/src/bsp/mcu/all/bsp_security.o
LOAD ./ra/fsp/src/bsp/cmsis/Device/RENESAS/Source/startup.o
LOAD ./ra/fsp/src/bsp/cmsis/Device/RENESAS/Source/system.o
LOAD ./ra/board/ra6m5_ck/board_init.o
LOAD ./ra/board/ra6m5_ck/board_leds.o
LOAD D:\1_WorkSpace\FW\Renesas\CK_RA6M5---I2C\ra\fsp\lib\rm_zmod4xxx\cm33_gcc\lib_iaq_2nd_gen.a
END GROUP
START GROUP
LOAD C:/Program Files (x86)/Arm GNU Toolchain arm-none-eabi/13.2 Rel1/bin/../lib/gcc/arm-none-eabi/13.2.1/thumb/v8-m.main+fp/hard\libgcc.a
LOAD C:/Program Files (x86)/Arm GNU Toolchain arm-none-eabi/13.2 Rel1/bin/../lib/gcc/arm-none-eabi/13.2.1/thumb/v8-m.main+fp/hard\libg_nano.a
LOAD C:/Program Files (x86)/Arm GNU Toolchain arm-none-eabi/13.2 Rel1/bin/../lib/gcc/arm-none-eabi/13.2.1/thumb/v8-m.main+fp/hard\libc_nano.a
END GROUP
START GROUP
LOAD C:/Program Files (x86)/Arm GNU Toolchain arm-none-eabi/13.2 Rel1/bin/../lib/gcc/arm-none-eabi/13.2.1/thumb/v8-m.main+fp/hard\libgcc.a
LOAD C:/Program Files (x86)/Arm GNU Toolchain arm-none-eabi/13.2 Rel1/bin/../lib/gcc/arm-none-eabi/13.2.1/thumb/v8-m.main+fp/hard\libc_nano.a
END GROUP
LOAD C:/Program Files (x86)/Arm GNU Toolchain arm-none-eabi/13.2 Rel1/bin/../lib/gcc/arm-none-eabi/13.2.1/thumb/v8-m.main+fp/hard/crtend.o
LOAD C:/Program Files (x86)/Arm GNU Toolchain arm-none-eabi/13.2 Rel1/bin/../lib/gcc/arm-none-eabi/13.2.1/thumb/v8-m.main+fp/hard/crtn.o
                0x20000000                        RAM_START = 0x20000000
                0x00080000                        RAM_LENGTH = 0x80000
                0x00000000                        FLASH_START = 0x0
                0x00200000                        FLASH_LENGTH = 0x200000
                0x08000000                        DATA_FLASH_START = 0x8000000
                0x00002000                        DATA_FLASH_LENGTH = 0x2000
                0x60000000                        QSPI_FLASH_START = 0x60000000
                0x04000000                        QSPI_FLASH_LENGTH = 0x4000000
                0x68000000                        OSPI0_CS0_START = 0x68000000
                0x08000000                        OSPI0_CS0_LENGTH = 0x8000000
                0x70000000                        OSPI0_CS1_START = 0x70000000
                0x10000000                        OSPI0_CS1_LENGTH = 0x10000000
                0x0100a100                        OPTION_SETTING_OFS0_START = 0x100a100
                0x00000004                        OPTION_SETTING_OFS0_LENGTH = 0x4
                0x0100a110                        OPTION_SETTING_DUALSEL_START = 0x100a110
                0x00000004                        OPTION_SETTING_DUALSEL_LENGTH = 0x4
                0x0100a180                        OPTION_SETTING_OFS1_START = 0x100a180
                0x00000004                        OPTION_SETTING_OFS1_LENGTH = 0x4
                0x0100a190                        OPTION_SETTING_BANKSEL_START = 0x100a190
                0x00000004                        OPTION_SETTING_BANKSEL_LENGTH = 0x4
                0x0100a1c0                        OPTION_SETTING_BPS_START = 0x100a1c0
                0x00000010                        OPTION_SETTING_BPS_LENGTH = 0x10
                0x0100a1e0                        OPTION_SETTING_PBPS_START = 0x100a1e0
                0x00000010                        OPTION_SETTING_PBPS_LENGTH = 0x10
                0x0100a200                        OPTION_SETTING_OFS1_SEC_START = 0x100a200
                0x00000004                        OPTION_SETTING_OFS1_SEC_LENGTH = 0x4
                0x0100a210                        OPTION_SETTING_BANKSEL_SEC_START = 0x100a210
                0x00000004                        OPTION_SETTING_BANKSEL_SEC_LENGTH = 0x4
                0x0100a240                        OPTION_SETTING_BPS_SEC_START = 0x100a240
                0x00000010                        OPTION_SETTING_BPS_SEC_LENGTH = 0x10
                0x0100a260                        OPTION_SETTING_PBPS_SEC_START = 0x100a260
                0x00000010                        OPTION_SETTING_PBPS_SEC_LENGTH = 0x10
                0x0100a280                        OPTION_SETTING_OFS1_SEL_START = 0x100a280
                0x00000004                        OPTION_SETTING_OFS1_SEL_LENGTH = 0x4
                0x0100a290                        OPTION_SETTING_BANKSEL_SEL_START = 0x100a290
                0x00000004                        OPTION_SETTING_BANKSEL_SEL_LENGTH = 0x4
                0x0100a2c0                        OPTION_SETTING_BPS_SEL_START = 0x100a2c0
                0x00000010                        OPTION_SETTING_BPS_SEL_LENGTH = 0x10
START GROUP
LOAD C:/Program Files (x86)/Arm GNU Toolchain arm-none-eabi/13.2 Rel1/bin/../lib/gcc/arm-none-eabi/13.2.1/thumb/v8-m.main+fp/hard\libgcc.a
LOAD C:/Program Files (x86)/Arm GNU Toolchain arm-none-eabi/13.2 Rel1/bin/../lib/gcc/arm-none-eabi/13.2.1/thumb/v8-m.main+fp/hard\libc.a
LOAD C:/Program Files (x86)/Arm GNU Toolchain arm-none-eabi/13.2 Rel1/bin/../lib/gcc/arm-none-eabi/13.2.1/thumb/v8-m.main+fp/hard\libm.a
END GROUP

.qspi_flash.startof
                0x60000000        0x0
                0x60000000                        __ddsc_QSPI_FLASH_START = .

.ospi0_cs0.startof
                0x68000000        0x0
                0x68000000                        __ddsc_OSPI0_CS0_START = .

__ospi0_cs0_from_qspi_flash$$
                0x68000000        0x0 load address 0x60000000
                0x68000000                        __ospi0_cs0_from_qspi_flash$$Base = .
                0x60000000                        __ospi0_cs0_from_qspi_flash$$Load = LOADADDR (__ospi0_cs0_from_qspi_flash$$)
 *(.ospi0_cs0_from_qspi_flash)
 *(.ospi0_cs0_code_from_qspi_flash)
                0x68000000                        __ospi0_cs0_from_qspi_flash$$Limit = .

.ram.startof    0x20000000        0x0
                0x20000000                        __ddsc_RAM_START = .

__ram_dtc_vector$$
                0x20000000        0x0
                0x20000000                        __ram_dtc_vector$$Base = .
 *(.fsp_dtc_vector_table)
                0x20000000                        __ram_dtc_vector$$Limit = .

__ram_from_qspi_flash$$
                0x20000000        0x0 load address 0x60000000
                0x20000000                        __ram_from_qspi_flash$$Base = .
                0x60000000                        __ram_from_qspi_flash$$Load = LOADADDR (__ram_from_qspi_flash$$)
 *(.ram_from_qspi_flash)
 *(.ram_code_from_qspi_flash)
                0x20000000                        __ram_from_qspi_flash$$Limit = .

__qspi_flash_readonly$$
                0x60000000        0x0
                0x60000000                        __qspi_flash_readonly$$Base = .
 *(.qspi_flash)
 *(.qspi_flash_code)
                0x60000000                        __qspi_flash_readonly$$Limit = .

__qspi_flash_noinit$$
                0x60000000        0x0
                0x60000000                        __qspi_flash_noinit$$Base = .
 *(.qspi_flash_noinit)
                0x60000000                        __qspi_flash_noinit$$Limit = .

.qspi_flash.endof
                0x60000000        0x0
                0x60000000                        __ddsc_QSPI_FLASH_END = .

.ospi0_cs1.startof
                0x70000000        0x0
                0x70000000                        __ddsc_OSPI0_CS1_START = .

__ospi0_cs0_from_ospi0_cs1$$
                0x68000000        0x0 load address 0x70000000
                0x68000000                        __ospi0_cs0_from_ospi0_cs1$$Base = .
                0x70000000                        __ospi0_cs0_from_ospi0_cs1$$Load = LOADADDR (__ospi0_cs0_from_ospi0_cs1$$)
 *(.ospi0_cs0_from_ospi0_cs1)
 *(.ospi0_cs0_code_from_ospi0_cs1)
                0x68000000                        __ospi0_cs0_from_ospi0_cs1$$Limit = .

__ram_from_ospi0_cs1$$
                0x20000000        0x0 load address 0x70000000
                0x20000000                        __ram_from_ospi0_cs1$$Base = .
                0x70000000                        __ram_from_ospi0_cs1$$Load = LOADADDR (__ram_from_ospi0_cs1$$)
 *(.ram_from_ospi0_cs1)
 *(.ram_code_from_ospi0_cs1)
                0x20000000                        __ram_from_ospi0_cs1$$Limit = .

__ospi0_cs1_readonly$$
                0x70000000        0x0
                0x70000000                        __ospi0_cs1_readonly$$Base = .
 *(.ospi0_cs1)
 *(.ospi0_cs1_code)
                0x70000000                        __ospi0_cs1_readonly$$Limit = .

__ospi0_cs1_noinit$$
                0x70000000        0x0
                0x70000000                        __ospi0_cs1_noinit$$Base = .
 *(.ospi0_cs1_noinit)
                0x70000000                        __ospi0_cs1_noinit$$Limit = .

.ospi0_cs1.endof
                0x70000000        0x0
                0x70000000                        __ddsc_OSPI0_CS1_END = .

.data_flash.startof
                0x08000000        0x0
                0x08000000                        __ddsc_DATA_FLASH_START = .

__ospi0_cs0_from_data_flash$$
                0x68000000        0x0 load address 0x08000000
                0x68000000                        __ospi0_cs0_from_data_flash$$Base = .
                0x08000000                        __ospi0_cs0_from_data_flash$$Load = LOADADDR (__ospi0_cs0_from_data_flash$$)
 *(.ospi0_cs0_from_data_flash)
 *(.ospi0_cs0_code_from_data_flash)
                0x68000000                        __ospi0_cs0_from_data_flash$$Limit = .

__ram_from_data_flash$$
                0x20000000        0x0 load address 0x08000000
                0x20000000                        __ram_from_data_flash$$Base = .
                0x08000000                        __ram_from_data_flash$$Load = LOADADDR (__ram_from_data_flash$$)
 *(.ram_from_data_flash)
 *(.ram_code_from_data_flash)
                0x20000000                        __ram_from_data_flash$$Limit = .

__data_flash_readonly$$
                0x08000000        0x0
                0x08000000                        __data_flash_readonly$$Base = .
 *(.data_flash)
 *(.data_flash_code)
                0x08000000                        __data_flash_readonly$$Limit = .

__data_flash_noinit$$
                0x08000000        0x0
                0x08000000                        __data_flash_noinit$$Base = .
 *(.data_flash_noinit)
                0x08000000                        __data_flash_noinit$$Limit = .

.data_flash.endof
                0x08000000        0x0
                0x08000000                        __ddsc_DATA_FLASH_END = .

.flash.startof  0x00000000        0x0
                0x00000000                        __ddsc_FLASH_START = .

__flash_vectors$$
                0x00000000       0x60
                0x00000000                        __flash_vectors$$Base = .
                0x00000000                        _VECTORS = .
 *(.fixed_vectors)
 .fixed_vectors
                0x00000000       0x40 ./ra/fsp/src/bsp/cmsis/Device/RENESAS/Source/startup.o
                0x00000000                __Vectors
 *(.application_vectors)
 .application_vectors
                0x00000040       0x20 ./ra_gen/vector_data.o
                0x00000040                g_vector_table
                0x00000060                        __flash_vectors$$Limit = .

__flash_noinit$$
                0x00000060        0x0
                0x00000060                        __flash_noinit$$Base = .
 *(.flash_noinit)
                0x00000060                        __flash_noinit$$Limit = .

__ospi0_cs0_from_flash$$
                0x68000000        0x0 load address 0x00000060
                0x68000000                        __ospi0_cs0_from_flash$$Base = .
                0x00000060                        __ospi0_cs0_from_flash$$Load = LOADADDR (__ospi0_cs0_from_flash$$)
 *(.ospi0_cs0_from_flash)
 *(.ospi0_cs0_code_from_flash)
                0x68000000                        __ospi0_cs0_from_flash$$Limit = .

__ospi0_cs0_noinit_nocache$$
                0x68000000        0x0 load address 0x00000060
                0x68000000                        __ospi0_cs0_noinit_nocache$$Base = .
 *(.ospi0_cs0_noinit_nocache)
                0x68000000                        __ospi0_cs0_noinit_nocache$$Limit = .

__ospi0_cs0_zero_nocache$$
                0x68000000        0x0 load address 0x00000060
                0x68000000                        __ospi0_cs0_zero_nocache$$Base = .
 *(.ospi0_cs0_nocache)
                0x68000000                        . = ALIGN (0x20)
                0x68000000                        __ospi0_cs0_zero_nocache$$Limit = .

__ospi0_cs0_noinit$$
                0x68000000        0x0 load address 0x00000060
                0x68000000                        __ospi0_cs0_noinit$$Base = .
 *(.ospi0_cs0_noinit)
                0x68000000                        __ospi0_cs0_noinit$$Limit = .

__ospi0_cs0_zero$$
                0x68000000        0x0 load address 0x00000060
                0x68000000                        __ospi0_cs0_zero$$Base = .
 *(.ospi0_cs0)
                0x68000000                        __ospi0_cs0_zero$$Limit = .

.ospi0_cs0.endof
                0x68000000        0x0
                0x68000000                        __ddsc_OSPI0_CS0_END = .

__ram_from_flash$$
                0x20000000      0x13c load address 0x00000060
                0x20000000                        __ram_from_flash$$Base = .
                0x00000060                        __ram_from_flash$$Load = LOADADDR (__ram_from_flash$$)
 *(.ram_from_flash)
 *(.ram_code_from_flash)
 *(.data*)
 .data.g_comms_i2c_bus0_extended_cfg
                0x20000000       0x14 ./ra_gen/common_data.o
                0x20000000                g_comms_i2c_bus0_extended_cfg
 .data.g_uart3_baud_setting
                0x20000014        0x4 ./ra_gen/hal_data.o
                0x20000014                g_uart3_baud_setting
 .data.g_zmod4xxx_sensor0_extended_cfg
                0x20000018       0x2c ./ra_gen/hal_data.o
                0x20000018                g_zmod4xxx_sensor0_extended_cfg
 .data.g_zmod4410_iaq_2nd_gen_sensor_type
                0x20000044       0x60 ./ra/fsp/src/rm_zmod4xxx/iaq_2nd_gen/rm_zmod4410_iaq_2nd_gen.o
                0x20000044                g_zmod4410_iaq_2nd_gen_sensor_type
 .data.data_set_4410_iaq_2nd_gen
                0x200000a4       0x3c ./ra/fsp/src/rm_zmod4xxx/iaq_2nd_gen/rm_zmod4410_iaq_2nd_gen.o
 .data.data_set_4410i
                0x200000e0        0xa ./ra/fsp/src/rm_zmod4xxx/iaq_2nd_gen/rm_zmod4410_iaq_2nd_gen.o
 *fill*         0x200000ea        0x2 
 .data._impure_ptr
                0x200000ec        0x4 C:/Program Files (x86)/Arm GNU Toolchain arm-none-eabi/13.2 Rel1/bin/../lib/gcc/arm-none-eabi/13.2.1/thumb/v8-m.main+fp/hard\libg_nano.a(libc_a-impure.o)
                0x200000ec                _impure_ptr
 .data._impure_data
                0x200000f0       0x4c C:/Program Files (x86)/Arm GNU Toolchain arm-none-eabi/13.2 Rel1/bin/../lib/gcc/arm-none-eabi/13.2.1/thumb/v8-m.main+fp/hard\libg_nano.a(libc_a-impure.o)
                0x200000f0                _impure_data
 *(vtable)
                0x2000013c                        __ram_from_flash$$Limit = .

.tm_clone_table
                0x2000013c        0x0 load address 0x0000019c
 .tm_clone_table
                0x2000013c        0x0 C:/Program Files (x86)/Arm GNU Toolchain arm-none-eabi/13.2 Rel1/bin/../lib/gcc/arm-none-eabi/13.2.1/thumb/v8-m.main+fp/hard/crtbegin.o
 .tm_clone_table
                0x2000013c        0x0 C:/Program Files (x86)/Arm GNU Toolchain arm-none-eabi/13.2 Rel1/bin/../lib/gcc/arm-none-eabi/13.2.1/thumb/v8-m.main+fp/hard/crtend.o

.igot.plt       0x2000013c        0x0 load address 0x0000019c
 .igot.plt      0x2000013c        0x0 C:/Program Files (x86)/Arm GNU Toolchain arm-none-eabi/13.2 Rel1/bin/../lib/gcc/arm-none-eabi/13.2.1/thumb/v8-m.main+fp/hard/crtbegin.o

__ram_noinit_nocache$$
                0x20000140        0x0 load address 0x000001a0
                0x20000140                        __ram_noinit_nocache$$Base = .
 *(.ram_noinit_nocache)
                0x20000140                        __ram_noinit_nocache$$Limit = .

__ram_zero_nocache$$
                0x2000013c        0x4 load address 0x0000019c
                0x2000013c                        __ram_zero_nocache$$Base = .
 *(.ram_nocache)
                0x20000140                        . = ALIGN (0x20)
 *fill*         0x2000013c        0x4 
                0x20000140                        __ram_zero_nocache$$Limit = .

__ram_noinit$$  0x20000140      0x41c load address 0x0000019c
                0x20000140                        __ram_noinit$$Base = .
 *(.bss.g_heap)
 *(.bss.g_main_stack)
 .bss.g_main_stack
                0x20000140      0x400 ./ra/fsp/src/bsp/cmsis/Device/RENESAS/Source/startup.o
                0x20000140                g_main_stack
 *(.ram_noinit)
 .ram_noinit    0x20000540       0x1c ./ra/fsp/src/bsp/mcu/all/bsp_clocks.o
 *(.noinit)
                0x2000055c                        __ram_noinit$$Limit = .

__ram_zero$$    0x2000055c      0x414 load address 0x0000019c
                0x2000055c                        __ram_zero$$Base = .
 *(.ram)
 *(.bss*)
 .bss.completed.1
                0x2000055c        0x1 C:/Program Files (x86)/Arm GNU Toolchain arm-none-eabi/13.2 Rel1/bin/../lib/gcc/arm-none-eabi/13.2.1/thumb/v8-m.main+fp/hard/crtbegin.o
 *fill*         0x2000055d        0x3 
 .bss.object.0  0x20000560       0x18 C:/Program Files (x86)/Arm GNU Toolchain arm-none-eabi/13.2 Rel1/bin/../lib/gcc/arm-none-eabi/13.2.1/thumb/v8-m.main+fp/hard/crtbegin.o
 .bss.uart_error
                0x20000578        0x1 ./src/dev/uart/uart.o
                0x20000578                uart_error
 .bss.uart_rx_done
                0x20000579        0x1 ./src/dev/uart/uart.o
                0x20000579                uart_rx_done
 .bss.uart_tx_done
                0x2000057a        0x1 ./src/dev/uart/uart.o
                0x2000057a                uart_tx_done
 *fill*         0x2000057b        0x1 
 .bss.g_ioport_ctrl
                0x2000057c        0x8 ./ra_gen/common_data.o
                0x2000057c                g_ioport_ctrl
 .bss.g_i2c_master0_ctrl
                0x20000584       0x40 ./ra_gen/common_data.o
                0x20000584                g_i2c_master0_ctrl
 .bss.g_uart3_ctrl
                0x200005c4       0x30 ./ra_gen/hal_data.o
                0x200005c4                g_uart3_ctrl
 .bss.g_zmod4xxx_sensor0_ctrl
                0x200005f4       0x78 ./ra_gen/hal_data.o
                0x200005f4                g_zmod4xxx_sensor0_ctrl
 .bss.g_zmod4xxx_sensor0_product_data
                0x2000066c        0x7 ./ra_gen/hal_data.o
                0x2000066c                g_zmod4xxx_sensor0_product_data
 *fill*         0x20000673        0x1 
 .bss.g_zmod4xxx_sensor0_lib_results
                0x20000674       0x58 ./ra_gen/hal_data.o
                0x20000674                g_zmod4xxx_sensor0_lib_results
 .bss.g_zmod4xxx_sensor0_lib_handle
                0x200006cc       0x9c ./ra_gen/hal_data.o
                0x200006cc                g_zmod4xxx_sensor0_lib_handle
 .bss.g_zmod4xxx_sensor0_dev
                0x20000768       0x28 ./ra_gen/hal_data.o
                0x20000768                g_zmod4xxx_sensor0_dev
 .bss.g_comms_i2c_device0_ctrl
                0x20000790       0x24 ./ra_gen/hal_data.o
                0x20000790                g_comms_i2c_device0_ctrl
 .bss.g_bsp_group_irq_sources
                0x200007b4       0x40 ./ra/fsp/src/bsp/mcu/all/bsp_group_irq.o
                0x200007b4                g_bsp_group_irq_sources
 .bss.g_protect_pfswe_counter
                0x200007f4        0x4 ./ra/fsp/src/bsp/mcu/all/bsp_io.o
                0x200007f4                g_protect_pfswe_counter
 .bss.gp_renesas_isr_context
                0x200007f8       0x20 ./ra/fsp/src/bsp/mcu/all/bsp_irq.o
                0x200007f8                gp_renesas_isr_context
 .bss.g_protect_counters
                0x20000818        0xa ./ra/fsp/src/bsp/mcu/all/bsp_register_protection.o
                0x20000818                g_protect_counters
 *fill*         0x20000822        0x2 
 .bss.SystemCoreClock
                0x20000824        0x4 ./ra/fsp/src/bsp/cmsis/Device/RENESAS/Source/system.o
                0x20000824                SystemCoreClock
 .bss.__sf      0x20000828      0x138 C:/Program Files (x86)/Arm GNU Toolchain arm-none-eabi/13.2 Rel1/bin/../lib/gcc/arm-none-eabi/13.2.1/thumb/v8-m.main+fp/hard\libg_nano.a(libc_a-findfp.o)
                0x20000828                __sf
 .bss.errno     0x20000960        0x4 C:/Program Files (x86)/Arm GNU Toolchain arm-none-eabi/13.2 Rel1/bin/../lib/gcc/arm-none-eabi/13.2.1/thumb/v8-m.main+fp/hard\libg_nano.a(libc_a-reent.o)
                0x20000960                errno
 .bss.__lock___malloc_recursive_mutex
                0x20000964        0x1 C:/Program Files (x86)/Arm GNU Toolchain arm-none-eabi/13.2 Rel1/bin/../lib/gcc/arm-none-eabi/13.2.1/thumb/v8-m.main+fp/hard\libg_nano.a(libc_a-lock.o)
                0x20000964                __lock___malloc_recursive_mutex
 *fill*         0x20000965        0x3 
 .bss.__malloc_sbrk_start
                0x20000968        0x4 C:/Program Files (x86)/Arm GNU Toolchain arm-none-eabi/13.2 Rel1/bin/../lib/gcc/arm-none-eabi/13.2.1/thumb/v8-m.main+fp/hard\libg_nano.a(libc_a-mallocr.o)
                0x20000968                __malloc_sbrk_start
 .bss.__malloc_free_list
                0x2000096c        0x4 C:/Program Files (x86)/Arm GNU Toolchain arm-none-eabi/13.2 Rel1/bin/../lib/gcc/arm-none-eabi/13.2.1/thumb/v8-m.main+fp/hard\libg_nano.a(libc_a-mallocr.o)
                0x2000096c                __malloc_free_list
                0x20000970                        __ram_zero$$Limit = .

__ram_thread_stack$$
                0x20000970        0x0 load address 0x000001a0
                0x20000970                        __ram_thread_stack$$Base = .
 *(.stack?*)
                0x20000970                        __ram_thread_stack$$Limit = .

.ram.endof      0x20000c00        0x0
                0x20000c00                        __ddsc_RAM_END = .

.ram.flat_nsc   0x20000c00        0x0
                0x20000c00                        __ddsc_RAM_NSC = .

__flash_readonly$$
                0x000001a0     0x71b8
                0x000001a0                        __flash_readonly$$Base = .
 *(.flash)
 *(.flash_code)
 *(.text*)
 .text.deregister_tm_clones
                0x000001a0       0x1c C:/Program Files (x86)/Arm GNU Toolchain arm-none-eabi/13.2 Rel1/bin/../lib/gcc/arm-none-eabi/13.2.1/thumb/v8-m.main+fp/hard/crtbegin.o
 .text.register_tm_clones
                0x000001bc       0x28 C:/Program Files (x86)/Arm GNU Toolchain arm-none-eabi/13.2 Rel1/bin/../lib/gcc/arm-none-eabi/13.2.1/thumb/v8-m.main+fp/hard/crtbegin.o
 .text.__do_global_dtors_aux
                0x000001e4       0x28 C:/Program Files (x86)/Arm GNU Toolchain arm-none-eabi/13.2 Rel1/bin/../lib/gcc/arm-none-eabi/13.2.1/thumb/v8-m.main+fp/hard/crtbegin.o
 .text.frame_dummy
                0x0000020c       0x24 C:/Program Files (x86)/Arm GNU Toolchain arm-none-eabi/13.2 Rel1/bin/../lib/gcc/arm-none-eabi/13.2.1/thumb/v8-m.main+fp/hard/crtbegin.o
 .text.zmod_calc_hsp
                0x00000230       0xac ./src/dev/zmod4410/zmod4410_adapter.o
 .text.zmod4xxx_comms_i2c_callback
                0x000002dc        0x4 ./src/dev/zmod4410/zmod4410_adapter.o
                0x000002dc                zmod4xxx_comms_i2c_callback
 .text.zmod4410_read_iaq
                0x000002e0      0x510 ./src/dev/zmod4410/zmod4410_adapter.o
                0x000002e0                zmod4410_read_iaq
 .text.uart_callback
                0x000007f0       0x50 ./src/dev/uart/uart.o
                0x000007f0                uart_callback
 .text.uart_init
                0x00000840       0x2c ./src/dev/uart/uart.o
                0x00000840                uart_init
 .text.uart_send_buf
                0x0000086c       0x54 ./src/dev/uart/uart.o
                0x0000086c                uart_send_buf
 .text.i2c0_register_init
                0x000008c0       0x84 ./src/dev/i2c/i2c.o
                0x000008c0                i2c0_register_init
 .text.i2c0_write_reg
                0x00000944       0x54 ./src/dev/i2c/i2c.o
                0x00000944                i2c0_write_reg
 .text.i2c0_write_mult_reg
                0x00000998       0x70 ./src/dev/i2c/i2c.o
                0x00000998                i2c0_write_mult_reg
 .text.i2c0_read_reg
                0x00000a08       0xc4 ./src/dev/i2c/i2c.o
                0x00000a08                i2c0_read_reg
 .text.i2c1_register_init
                0x00000acc       0x98 ./src/dev/i2c/i2c.o
                0x00000acc                i2c1_register_init
 .text.i2c1_read_mult_reg
                0x00000b64       0xf4 ./src/dev/i2c/i2c.o
                0x00000b64                i2c1_read_mult_reg
 .text.i2c0_read_mult_reg
                0x00000c58      0x114 ./src/dev/i2c/i2c.o
                0x00000c58                i2c0_read_mult_reg
 .text.hal_entry
                0x00000d6c       0x98 ./src/hal_entry.o
                0x00000d6c                hal_entry
 .text.R_BSP_WarmStart
                0x00000e04       0x18 ./src/hal_warmstart.o
                0x00000e04                R_BSP_WarmStart
 .text.startup.main
                0x00000e1c        0xc ./ra_gen/main.o
                0x00000e1c                main
 .text.rm_zmod4410_iaq_2nd_gen_measurement_start
                0x00000e28        0x4 ./ra/fsp/src/rm_zmod4xxx/iaq_2nd_gen/rm_zmod4410_iaq_2nd_gen.o
 .text.rm_zmod4410_iaq_2nd_gen_read
                0x00000e2c        0x4 ./ra/fsp/src/rm_zmod4xxx/iaq_2nd_gen/rm_zmod4410_iaq_2nd_gen.o
 .text.rm_zmod4410_iaq_2nd_gen_temperature_and_humidity_set
                0x00000e30        0x4 ./ra/fsp/src/rm_zmod4xxx/iaq_2nd_gen/rm_zmod4410_iaq_2nd_gen.o
 .text.rm_zmod4410_iaq_2nd_gen_iaq_1st_gen_data_calculate
                0x00000e34        0x4 ./ra/fsp/src/rm_zmod4xxx/iaq_2nd_gen/rm_zmod4410_iaq_2nd_gen.o
 .text.rm_zmod4410_iaq_2nd_gen_data_calculate
                0x00000e38       0x6c ./ra/fsp/src/rm_zmod4xxx/iaq_2nd_gen/rm_zmod4410_iaq_2nd_gen.o
 .text.rm_zmod4410_iaq_2nd_gen_open
                0x00000ea4       0x24 ./ra/fsp/src/rm_zmod4xxx/iaq_2nd_gen/rm_zmod4410_iaq_2nd_gen.o
 .text.rm_zmod4410_iaq_2nd_gen_pbaq_data_calculate
                0x00000ec8        0x4 ./ra/fsp/src/rm_zmod4xxx/iaq_2nd_gen/rm_zmod4410_iaq_2nd_gen.o
 .text.rm_zmod4410_iaq_2nd_gen_measurement_stop
                0x00000ecc        0x4 ./ra/fsp/src/rm_zmod4xxx/iaq_2nd_gen/rm_zmod4410_iaq_2nd_gen.o
 .text.rm_zmod4410_iaq_2nd_gen_no2_o3_data_calculate
                0x00000ed0        0x4 ./ra/fsp/src/rm_zmod4xxx/iaq_2nd_gen/rm_zmod4410_iaq_2nd_gen.o
 .text.rm_zmod4410_iaq_2nd_gen_sulfur_odor_data_calculate
                0x00000ed4        0x4 ./ra/fsp/src/rm_zmod4xxx/iaq_2nd_gen/rm_zmod4410_iaq_2nd_gen.o
 .text.rm_zmod4410_iaq_2nd_gen_oaq_2nd_gen_data_calculate
                0x00000ed8        0x4 ./ra/fsp/src/rm_zmod4xxx/iaq_2nd_gen/rm_zmod4410_iaq_2nd_gen.o
 .text.rm_zmod4410_iaq_2nd_gen_raq_data_calculate
                0x00000edc        0x4 ./ra/fsp/src/rm_zmod4xxx/iaq_2nd_gen/rm_zmod4410_iaq_2nd_gen.o
 .text.rm_zmod4410_iaq_2nd_gen_rel_iaq_data_calculate
                0x00000ee0        0x4 ./ra/fsp/src/rm_zmod4xxx/iaq_2nd_gen/rm_zmod4410_iaq_2nd_gen.o
 .text.rm_zmod4410_iaq_2nd_gen_device_error_check
                0x00000ee4        0x4 ./ra/fsp/src/rm_zmod4xxx/iaq_2nd_gen/rm_zmod4410_iaq_2nd_gen.o
 .text.rm_zmod4410_iaq_2nd_gen_status_check
                0x00000ee8        0x4 ./ra/fsp/src/rm_zmod4xxx/iaq_2nd_gen/rm_zmod4410_iaq_2nd_gen.o
 .text.rm_zmod4410_iaq_2nd_gen_close
                0x00000eec        0x4 ./ra/fsp/src/rm_zmod4xxx/iaq_2nd_gen/rm_zmod4410_iaq_2nd_gen.o
 .text.rm_zmod4xxx_comms_i2c_callback
                0x00000ef0       0xc0 ./ra/fsp/src/rm_zmod4xxx/rm_zmod4xxx.o
                0x00000ef0                rm_zmod4xxx_comms_i2c_callback
 .text.RM_COMMS_I2C_Open
                0x00000fb0       0x28 ./ra/fsp/src/rm_comms_i2c/rm_comms_i2c.o
                0x00000fb0                RM_COMMS_I2C_Open
 .text.RM_COMMS_I2C_Close
                0x00000fd8       0x10 ./ra/fsp/src/rm_comms_i2c/rm_comms_i2c.o
                0x00000fd8                RM_COMMS_I2C_Close
 .text.RM_COMMS_I2C_Read
                0x00000fe8        0x4 ./ra/fsp/src/rm_comms_i2c/rm_comms_i2c.o
                0x00000fe8                RM_COMMS_I2C_Read
 .text.RM_COMMS_I2C_Write
                0x00000fec        0x4 ./ra/fsp/src/rm_comms_i2c/rm_comms_i2c.o
                0x00000fec                RM_COMMS_I2C_Write
 .text.RM_COMMS_I2C_WriteRead
                0x00000ff0       0x14 ./ra/fsp/src/rm_comms_i2c/rm_comms_i2c.o
                0x00000ff0                RM_COMMS_I2C_WriteRead
 .text.rm_comms_i2c_bus_reconfigure
                0x00001004       0x3c ./ra/fsp/src/rm_comms_i2c/rm_comms_i2c_driver_ra.o
 .text.rm_comms_i2c_bus_read
                0x00001040       0x44 ./ra/fsp/src/rm_comms_i2c/rm_comms_i2c_driver_ra.o
                0x00001040                rm_comms_i2c_bus_read
 .text.rm_comms_i2c_bus_write
                0x00001084       0x30 ./ra/fsp/src/rm_comms_i2c/rm_comms_i2c_driver_ra.o
                0x00001084                rm_comms_i2c_bus_write
 .text.rm_comms_i2c_bus_write_read
                0x000010b4       0x3c ./ra/fsp/src/rm_comms_i2c/rm_comms_i2c_driver_ra.o
                0x000010b4                rm_comms_i2c_bus_write_read
 .text.rm_comms_i2c_callback
                0x000010f0       0x5c ./ra/fsp/src/rm_comms_i2c/rm_comms_i2c_driver_ra.o
                0x000010f0                rm_comms_i2c_callback
 .text.R_SCI_UART_Write
                0x0000114c       0x50 ./ra/fsp/src/r_sci_uart/r_sci_uart.o
                0x0000114c                R_SCI_UART_Write
 .text.R_SCI_UART_CallbackSet
                0x0000119c       0x10 ./ra/fsp/src/r_sci_uart/r_sci_uart.o
                0x0000119c                R_SCI_UART_CallbackSet
 .text.r_sci_uart_call_callback
                0x000011ac       0x44 ./ra/fsp/src/r_sci_uart/r_sci_uart.o
 .text.R_SCI_UART_Open
                0x000011f0      0x3b4 ./ra/fsp/src/r_sci_uart/r_sci_uart.o
                0x000011f0                R_SCI_UART_Open
 .text.sci_uart_txi_isr
                0x000015a4       0x8c ./ra/fsp/src/r_sci_uart/r_sci_uart.o
                0x000015a4                sci_uart_txi_isr
 .text.sci_uart_rxi_isr
                0x00001630       0x90 ./ra/fsp/src/r_sci_uart/r_sci_uart.o
                0x00001630                sci_uart_rxi_isr
 .text.sci_uart_tei_isr
                0x000016c0       0x48 ./ra/fsp/src/r_sci_uart/r_sci_uart.o
                0x000016c0                sci_uart_tei_isr
 .text.sci_uart_eri_isr
                0x00001708       0x78 ./ra/fsp/src/r_sci_uart/r_sci_uart.o
                0x00001708                sci_uart_eri_isr
 .text.bsp_vbatt_init
                0x00001780       0xe8 ./ra/fsp/src/r_ioport/r_ioport.o
 .text.r_ioport_pins_config
                0x00001868       0xac ./ra/fsp/src/r_ioport/r_ioport.o
 .text.R_IOPORT_Open
                0x00001914       0x14 ./ra/fsp/src/r_ioport/r_ioport.o
                0x00001914                R_IOPORT_Open
 .text.R_IOPORT_PinCfg
                0x00001928       0xa8 ./ra/fsp/src/r_ioport/r_ioport.o
                0x00001928                R_IOPORT_PinCfg
 .text.R_IIC_MASTER_SlaveAddressSet
                0x000019d0        0xc ./ra/fsp/src/r_iic_master/r_iic_master.o
                0x000019d0                R_IIC_MASTER_SlaveAddressSet
 .text.R_IIC_MASTER_CallbackSet
                0x000019dc       0x10 ./ra/fsp/src/r_iic_master/r_iic_master.o
                0x000019dc                R_IIC_MASTER_CallbackSet
 .text.R_IIC_MASTER_StatusGet
                0x000019ec       0x18 ./ra/fsp/src/r_iic_master/r_iic_master.o
                0x000019ec                R_IIC_MASTER_StatusGet
 .text.iic_master_notify
                0x00001a04       0x3c ./ra/fsp/src/r_iic_master/r_iic_master.o
 .text.iic_master_run_hw_master
                0x00001a40      0x120 ./ra/fsp/src/r_iic_master/r_iic_master.o
 .text.R_IIC_MASTER_Write
                0x00001b60       0x30 ./ra/fsp/src/r_iic_master/r_iic_master.o
                0x00001b60                R_IIC_MASTER_Write
 .text.R_IIC_MASTER_Read
                0x00001b90       0x34 ./ra/fsp/src/r_iic_master/r_iic_master.o
                0x00001b90                R_IIC_MASTER_Read
 .text.iic_master_open_hw_master
                0x00001bc4      0x1e0 ./ra/fsp/src/r_iic_master/r_iic_master.o
 .text.R_IIC_MASTER_Open
                0x00001da4       0x78 ./ra/fsp/src/r_iic_master/r_iic_master.o
                0x00001da4                R_IIC_MASTER_Open
 .text.R_IIC_MASTER_Abort
                0x00001e1c       0x30 ./ra/fsp/src/r_iic_master/r_iic_master.o
                0x00001e1c                R_IIC_MASTER_Abort
 .text.R_IIC_MASTER_Close
                0x00001e4c       0xdc ./ra/fsp/src/r_iic_master/r_iic_master.o
                0x00001e4c                R_IIC_MASTER_Close
 .text.iic_master_rxi_isr
                0x00001f28      0x194 ./ra/fsp/src/r_iic_master/r_iic_master.o
                0x00001f28                iic_master_rxi_isr
 .text.iic_master_txi_isr
                0x000020bc      0x120 ./ra/fsp/src/r_iic_master/r_iic_master.o
                0x000020bc                iic_master_txi_isr
 .text.iic_master_tei_isr
                0x000021dc       0xe0 ./ra/fsp/src/r_iic_master/r_iic_master.o
                0x000021dc                iic_master_tei_isr
 .text.iic_master_eri_isr
                0x000022bc      0x14c ./ra/fsp/src/r_iic_master/r_iic_master.o
                0x000022bc                iic_master_eri_isr
 .text.SystemCoreClockUpdate
                0x00002408       0x28 ./ra/fsp/src/bsp/mcu/all/bsp_clocks.o
                0x00002408                SystemCoreClockUpdate
 .text.bsp_clock_init
                0x00002430       0xec ./ra/fsp/src/bsp/mcu/all/bsp_clocks.o
                0x00002430                bsp_clock_init
 .text.R_BSP_Init_RTC
                0x0000251c       0x28 ./ra/fsp/src/bsp/mcu/all/bsp_clocks.o
                0x0000251c                R_BSP_Init_RTC
 .text.bsp_prv_software_delay_loop
                0x00002544        0xc ./ra/fsp/src/bsp/mcu/all/bsp_delay.o
                0x00002544                bsp_prv_software_delay_loop
 .text.R_BSP_SoftwareDelay
                0x00002550       0x8c ./ra/fsp/src/bsp/mcu/all/bsp_delay.o
                0x00002550                R_BSP_SoftwareDelay
 .text.NMI_Handler
                0x000025dc       0x3c ./ra/fsp/src/bsp/mcu/all/bsp_group_irq.o
                0x000025dc                NMI_Handler
 .text.bsp_irq_cfg
                0x00002618       0x94 ./ra/fsp/src/bsp/mcu/all/bsp_irq.o
                0x00002618                bsp_irq_cfg
 .text.R_BSP_RegisterProtectEnable
                0x000026ac       0x60 ./ra/fsp/src/bsp/mcu/all/bsp_register_protection.o
                0x000026ac                R_BSP_RegisterProtectEnable
 .text.R_BSP_RegisterProtectDisable
                0x0000270c       0x54 ./ra/fsp/src/bsp/mcu/all/bsp_register_protection.o
                0x0000270c                R_BSP_RegisterProtectDisable
 .text._sbrk    0x00002760       0x14 ./ra/fsp/src/bsp/mcu/all/bsp_sbrk.o
                0x00002760                _sbrk
 .text.Default_Handler
                0x00002774        0x4 ./ra/fsp/src/bsp/cmsis/Device/RENESAS/Source/startup.o
                0x00002774                DebugMon_Handler
                0x00002774                HardFault_Handler
                0x00002774                SysTick_Handler
                0x00002774                PendSV_Handler
                0x00002774                UsageFault_Handler
                0x00002774                SecureFault_Handler
                0x00002774                Default_Handler
                0x00002774                MemManage_Handler
                0x00002774                SVC_Handler
                0x00002774                BusFault_Handler
 .text.Reset_Handler
                0x00002778        0xc ./ra/fsp/src/bsp/cmsis/Device/RENESAS/Source/startup.o
                0x00002778                Reset_Handler
 .text.SystemRuntimeInit
                0x00002784       0x64 ./ra/fsp/src/bsp/cmsis/Device/RENESAS/Source/system.o
 .text.SystemInit
                0x000027e8       0xc0 ./ra/fsp/src/bsp/cmsis/Device/RENESAS/Source/system.o
                0x000027e8                SystemInit
 .text.bsp_init
                0x000028a8        0x4 ./ra/board/ra6m5_ck/board_init.o
                0x000028a8                bsp_init
 .text.calc_tvoc2iaq
                0x000028ac       0xc8 D:\1_WorkSpace\FW\Renesas\CK_RA6M5---I2C\ra\fsp\lib\rm_zmod4xxx\cm33_gcc\lib_iaq_2nd_gen.a(iaq_2nd_gen.o)
 .text.calc_rmox.isra.0
                0x00002974       0x88 D:\1_WorkSpace\FW\Renesas\CK_RA6M5---I2C\ra\fsp\lib\rm_zmod4xxx\cm33_gcc\lib_iaq_2nd_gen.a(iaq_2nd_gen.o)
 *fill*         0x000029fc        0x4 
 .text.calc_iaq_2nd_gen_internal
                0x00002a00      0x91c D:\1_WorkSpace\FW\Renesas\CK_RA6M5---I2C\ra\fsp\lib\rm_zmod4xxx\cm33_gcc\lib_iaq_2nd_gen.a(iaq_2nd_gen.o)
                0x00002a00                calc_iaq_2nd_gen_internal
 *fill*         0x0000331c        0x4 
 .text.calc_rel_iaq_internal
                0x00003320      0x260 D:\1_WorkSpace\FW\Renesas\CK_RA6M5---I2C\ra\fsp\lib\rm_zmod4xxx\cm33_gcc\lib_iaq_2nd_gen.a(iaq_2nd_gen.o)
                0x00003320                calc_rel_iaq_internal
 .text.init_iaq_2nd_gen
                0x00003580       0x78 D:\1_WorkSpace\FW\Renesas\CK_RA6M5---I2C\ra\fsp\lib\rm_zmod4xxx\cm33_gcc\lib_iaq_2nd_gen.a(iaq_2nd_gen.o)
                0x00003580                init_iaq_2nd_gen
 .text.calc_iaq_2nd_gen
                0x000035f8      0x160 D:\1_WorkSpace\FW\Renesas\CK_RA6M5---I2C\ra\fsp\lib\rm_zmod4xxx\cm33_gcc\lib_iaq_2nd_gen.a(iaq_2nd_gen.o)
                0x000035f8                calc_iaq_2nd_gen
 .text.calc_iaq_2nd_gen_RH_nnet
                0x00003758       0x3c D:\1_WorkSpace\FW\Renesas\CK_RA6M5---I2C\ra\fsp\lib\rm_zmod4xxx\cm33_gcc\lib_iaq_2nd_gen.a(iaq_2nd_gen_RH_nnet.o)
                0x00003758                calc_iaq_2nd_gen_RH_nnet
 .text.calc_iaq_2nd_gen_T_nnet
                0x00003794       0x3c D:\1_WorkSpace\FW\Renesas\CK_RA6M5---I2C\ra\fsp\lib\rm_zmod4xxx\cm33_gcc\lib_iaq_2nd_gen.a(iaq_2nd_gen_T_nnet.o)
                0x00003794                calc_iaq_2nd_gen_T_nnet
 .text.calc_iaq_2nd_gen_V6_nnet
                0x000037d0       0x3c D:\1_WorkSpace\FW\Renesas\CK_RA6M5---I2C\ra\fsp\lib\rm_zmod4xxx\cm33_gcc\lib_iaq_2nd_gen.a(iaq_2nd_gen_V6_nnet.o)
                0x000037d0                calc_iaq_2nd_gen_V6_nnet
 .text.calc_iaq_2nd_gen_nnet
                0x0000380c       0x58 D:\1_WorkSpace\FW\Renesas\CK_RA6M5---I2C\ra\fsp\lib\rm_zmod4xxx\cm33_gcc\lib_iaq_2nd_gen.a(iaq_2nd_gen_nnet.o)
                0x0000380c                calc_iaq_2nd_gen_nnet
 .text.nnet_funcs_safe_exp
                0x00003864       0x58 D:\1_WorkSpace\FW\Renesas\CK_RA6M5---I2C\ra\fsp\lib\rm_zmod4xxx\cm33_gcc\lib_iaq_2nd_gen.a(nnet_funcs.o)
                0x00003864                nnet_funcs_safe_exp
 .text.nnet_funcs_tanh
                0x000038bc       0x8c D:\1_WorkSpace\FW\Renesas\CK_RA6M5---I2C\ra\fsp\lib\rm_zmod4xxx\cm33_gcc\lib_iaq_2nd_gen.a(nnet_funcs.o)
                0x000038bc                nnet_funcs_tanh
 .text.nnet_funcs_relu
                0x00003948       0x2c D:\1_WorkSpace\FW\Renesas\CK_RA6M5---I2C\ra\fsp\lib\rm_zmod4xxx\cm33_gcc\lib_iaq_2nd_gen.a(nnet_funcs.o)
                0x00003948                nnet_funcs_relu
 .text.nnet_funcs_dotbias
                0x00003974       0x50 D:\1_WorkSpace\FW\Renesas\CK_RA6M5---I2C\ra\fsp\lib\rm_zmod4xxx\cm33_gcc\lib_iaq_2nd_gen.a(nnet_funcs.o)
                0x00003974                nnet_funcs_dotbias
 .text          0x000039c4      0x378 C:/Program Files (x86)/Arm GNU Toolchain arm-none-eabi/13.2 Rel1/bin/../lib/gcc/arm-none-eabi/13.2.1/thumb/v8-m.main+fp/hard\libgcc.a(_arm_addsubdf3.o)
                0x000039c4                __aeabi_drsub
                0x000039cc                __aeabi_dsub
                0x000039cc                __subdf3
                0x000039d0                __aeabi_dadd
                0x000039d0                __adddf3
                0x00003c48                __floatunsidf
                0x00003c48                __aeabi_ui2d
                0x00003c68                __floatsidf
                0x00003c68                __aeabi_i2d
                0x00003c8c                __aeabi_f2d
                0x00003c8c                __extendsfdf2
                0x00003cd0                __floatundidf
                0x00003cd0                __aeabi_ul2d
                0x00003ce0                __floatdidf
                0x00003ce0                __aeabi_l2d
 .text          0x00003d3c      0x110 C:/Program Files (x86)/Arm GNU Toolchain arm-none-eabi/13.2 Rel1/bin/../lib/gcc/arm-none-eabi/13.2.1/thumb/v8-m.main+fp/hard\libgcc.a(_arm_cmpdf2.o)
                0x00003d3c                __gtdf2
                0x00003d3c                __gedf2
                0x00003d44                __ltdf2
                0x00003d44                __ledf2
                0x00003d4c                __nedf2
                0x00003d4c                __eqdf2
                0x00003d4c                __cmpdf2
                0x00003dc8                __aeabi_cdrcmple
                0x00003dd8                __aeabi_cdcmpeq
                0x00003dd8                __aeabi_cdcmple
                0x00003de8                __aeabi_dcmpeq
                0x00003dfc                __aeabi_dcmplt
                0x00003e10                __aeabi_dcmple
                0x00003e24                __aeabi_dcmpge
                0x00003e38                __aeabi_dcmpgt
 .text          0x00003e4c       0xa0 C:/Program Files (x86)/Arm GNU Toolchain arm-none-eabi/13.2 Rel1/bin/../lib/gcc/arm-none-eabi/13.2.1/thumb/v8-m.main+fp/hard\libgcc.a(_arm_truncdfsf2.o)
                0x00003e4c                __truncdfsf2
                0x00003e4c                __aeabi_d2f
 .text.snprintf
                0x00003eec       0x68 C:/Program Files (x86)/Arm GNU Toolchain arm-none-eabi/13.2 Rel1/bin/../lib/gcc/arm-none-eabi/13.2.1/thumb/v8-m.main+fp/hard\libg_nano.a(libc_a-snprintf.o)
                0x00003eec                sniprintf
                0x00003eec                snprintf
 .text.memset   0x00003f54       0x10 C:/Program Files (x86)/Arm GNU Toolchain arm-none-eabi/13.2 Rel1/bin/../lib/gcc/arm-none-eabi/13.2.1/thumb/v8-m.main+fp/hard\libg_nano.a(libc_a-memset.o)
                0x00003f54                memset
 .text.__errno  0x00003f64        0xc C:/Program Files (x86)/Arm GNU Toolchain arm-none-eabi/13.2 Rel1/bin/../lib/gcc/arm-none-eabi/13.2.1/thumb/v8-m.main+fp/hard\libg_nano.a(libc_a-errno.o)
                0x00003f64                __errno
 .text.__retarget_lock_acquire_recursive
                0x00003f70        0x2 C:/Program Files (x86)/Arm GNU Toolchain arm-none-eabi/13.2 Rel1/bin/../lib/gcc/arm-none-eabi/13.2.1/thumb/v8-m.main+fp/hard\libg_nano.a(libc_a-lock.o)
                0x00003f70                __retarget_lock_acquire_recursive
 .text.__retarget_lock_release_recursive
                0x00003f72        0x2 C:/Program Files (x86)/Arm GNU Toolchain arm-none-eabi/13.2 Rel1/bin/../lib/gcc/arm-none-eabi/13.2.1/thumb/v8-m.main+fp/hard\libg_nano.a(libc_a-lock.o)
                0x00003f72                __retarget_lock_release_recursive
 .text.memcpy   0x00003f74       0x1a C:/Program Files (x86)/Arm GNU Toolchain arm-none-eabi/13.2 Rel1/bin/../lib/gcc/arm-none-eabi/13.2.1/thumb/v8-m.main+fp/hard\libg_nano.a(libc_a-memcpy-stub.o)
                0x00003f74                memcpy
 *fill*         0x00003f8e        0x2 
 .text._free_r  0x00003f90       0x94 C:/Program Files (x86)/Arm GNU Toolchain arm-none-eabi/13.2 Rel1/bin/../lib/gcc/arm-none-eabi/13.2.1/thumb/v8-m.main+fp/hard\libg_nano.a(libc_a-freer.o)
                0x00003f90                _free_r
 .text.sbrk_aligned
                0x00004024       0x44 C:/Program Files (x86)/Arm GNU Toolchain arm-none-eabi/13.2 Rel1/bin/../lib/gcc/arm-none-eabi/13.2.1/thumb/v8-m.main+fp/hard\libg_nano.a(libc_a-mallocr.o)
 .text._malloc_r
                0x00004068      0x100 C:/Program Files (x86)/Arm GNU Toolchain arm-none-eabi/13.2 Rel1/bin/../lib/gcc/arm-none-eabi/13.2.1/thumb/v8-m.main+fp/hard\libg_nano.a(libc_a-mallocr.o)
                0x00004068                _malloc_r
 .text.__malloc_lock
                0x00004168        0xc C:/Program Files (x86)/Arm GNU Toolchain arm-none-eabi/13.2 Rel1/bin/../lib/gcc/arm-none-eabi/13.2.1/thumb/v8-m.main+fp/hard\libg_nano.a(libc_a-mlock.o)
                0x00004168                __malloc_lock
 .text.__malloc_unlock
                0x00004174        0xc C:/Program Files (x86)/Arm GNU Toolchain arm-none-eabi/13.2 Rel1/bin/../lib/gcc/arm-none-eabi/13.2.1/thumb/v8-m.main+fp/hard\libg_nano.a(libc_a-mlock.o)
                0x00004174                __malloc_unlock
 .text.__ssputs_r
                0x00004180       0xb6 C:/Program Files (x86)/Arm GNU Toolchain arm-none-eabi/13.2 Rel1/bin/../lib/gcc/arm-none-eabi/13.2.1/thumb/v8-m.main+fp/hard\libg_nano.a(libc_a-nano-svfprintf.o)
                0x00004180                __ssputs_r
 *fill*         0x00004236        0x2 
 .text._svfprintf_r
                0x00004238      0x1f8 C:/Program Files (x86)/Arm GNU Toolchain arm-none-eabi/13.2 Rel1/bin/../lib/gcc/arm-none-eabi/13.2.1/thumb/v8-m.main+fp/hard\libg_nano.a(libc_a-nano-svfprintf.o)
                0x00004238                _svfiprintf_r
                0x00004238                _svfprintf_r
 .text._printf_common
                0x00004430       0xe4 C:/Program Files (x86)/Arm GNU Toolchain arm-none-eabi/13.2 Rel1/bin/../lib/gcc/arm-none-eabi/13.2.1/thumb/v8-m.main+fp/hard\libg_nano.a(libc_a-nano-vfprintf_i.o)
                0x00004430                _printf_common
 .text._printf_i
                0x00004514      0x23c C:/Program Files (x86)/Arm GNU Toolchain arm-none-eabi/13.2 Rel1/bin/../lib/gcc/arm-none-eabi/13.2.1/thumb/v8-m.main+fp/hard\libg_nano.a(libc_a-nano-vfprintf_i.o)
                0x00004514                _printf_i
 .text.memmove  0x00004750       0x34 C:/Program Files (x86)/Arm GNU Toolchain arm-none-eabi/13.2 Rel1/bin/../lib/gcc/arm-none-eabi/13.2.1/thumb/v8-m.main+fp/hard\libg_nano.a(libc_a-memmove.o)
                0x00004750                memmove
 .text._sbrk_r  0x00004784       0x20 C:/Program Files (x86)/Arm GNU Toolchain arm-none-eabi/13.2 Rel1/bin/../lib/gcc/arm-none-eabi/13.2.1/thumb/v8-m.main+fp/hard\libg_nano.a(libc_a-sbrkr.o)
                0x00004784                _sbrk_r
 .text.memchr   0x000047a4       0x1c C:/Program Files (x86)/Arm GNU Toolchain arm-none-eabi/13.2 Rel1/bin/../lib/gcc/arm-none-eabi/13.2.1/thumb/v8-m.main+fp/hard\libg_nano.a(libc_a-memchr-stub.o)
                0x000047a4                memchr
 .text._realloc_r
                0x000047c0       0x5c C:/Program Files (x86)/Arm GNU Toolchain arm-none-eabi/13.2 Rel1/bin/../lib/gcc/arm-none-eabi/13.2.1/thumb/v8-m.main+fp/hard\libg_nano.a(libc_a-reallocr.o)
                0x000047c0                _realloc_r
 .text._malloc_usable_size_r
                0x0000481c       0x10 C:/Program Files (x86)/Arm GNU Toolchain arm-none-eabi/13.2 Rel1/bin/../lib/gcc/arm-none-eabi/13.2.1/thumb/v8-m.main+fp/hard\libg_nano.a(libc_a-msizer.o)
                0x0000481c                _malloc_usable_size_r
 *fill*         0x0000482c        0x4 
 .text.exp      0x00004830       0xa0 C:/Program Files (x86)/Arm GNU Toolchain arm-none-eabi/13.2 Rel1/bin/../lib/gcc/arm-none-eabi/13.2.1/thumb/v8-m.main+fp/hard\libm.a(libm_a-w_exp.o)
                0x00004830                exp
 .text.log10    0x000048d0       0x84 C:/Program Files (x86)/Arm GNU Toolchain arm-none-eabi/13.2 Rel1/bin/../lib/gcc/arm-none-eabi/13.2.1/thumb/v8-m.main+fp/hard\libm.a(libm_a-w_log10.o)
                0x000048d0                log10
 *fill*         0x00004954        0x4 
 .text.pow      0x00004958       0xf0 C:/Program Files (x86)/Arm GNU Toolchain arm-none-eabi/13.2 Rel1/bin/../lib/gcc/arm-none-eabi/13.2.1/thumb/v8-m.main+fp/hard\libm.a(libm_a-w_pow.o)
                0x00004958                pow
 .text.sqrt     0x00004a48       0x68 C:/Program Files (x86)/Arm GNU Toolchain arm-none-eabi/13.2 Rel1/bin/../lib/gcc/arm-none-eabi/13.2.1/thumb/v8-m.main+fp/hard\libm.a(libm_a-w_sqrt.o)
                0x00004a48                sqrt
 .text.finite   0x00004ab0       0x1c C:/Program Files (x86)/Arm GNU Toolchain arm-none-eabi/13.2 Rel1/bin/../lib/gcc/arm-none-eabi/13.2.1/thumb/v8-m.main+fp/hard\libm.a(libm_a-s_finite.o)
                0x00004ab0                finite
 *fill*         0x00004acc        0x4 
 .text.nan      0x00004ad0       0x10 C:/Program Files (x86)/Arm GNU Toolchain arm-none-eabi/13.2 Rel1/bin/../lib/gcc/arm-none-eabi/13.2.1/thumb/v8-m.main+fp/hard\libm.a(libm_a-s_nan.o)
                0x00004ad0                nan
 .text.__ieee754_sqrt
                0x00004ae0      0x1e0 C:/Program Files (x86)/Arm GNU Toolchain arm-none-eabi/13.2 Rel1/bin/../lib/gcc/arm-none-eabi/13.2.1/thumb/v8-m.main+fp/hard\libm.a(libm_a-e_sqrt.o)
                0x00004ae0                __ieee754_sqrt
 .text.__ieee754_exp
                0x00004cc0      0x3a0 C:/Program Files (x86)/Arm GNU Toolchain arm-none-eabi/13.2 Rel1/bin/../lib/gcc/arm-none-eabi/13.2.1/thumb/v8-m.main+fp/hard\libm.a(libm_a-e_exp.o)
                0x00004cc0                __ieee754_exp
 .text.__ieee754_log10
                0x00005060      0x134 C:/Program Files (x86)/Arm GNU Toolchain arm-none-eabi/13.2 Rel1/bin/../lib/gcc/arm-none-eabi/13.2.1/thumb/v8-m.main+fp/hard\libm.a(libm_a-e_log10.o)
                0x00005060                __ieee754_log10
 *fill*         0x00005194        0x4 
 .text.__ieee754_pow
                0x00005198      0xc04 C:/Program Files (x86)/Arm GNU Toolchain arm-none-eabi/13.2 Rel1/bin/../lib/gcc/arm-none-eabi/13.2.1/thumb/v8-m.main+fp/hard\libm.a(libm_a-e_pow.o)
                0x00005198                __ieee754_pow
 .text.fabs     0x00005d9c       0x10 C:/Program Files (x86)/Arm GNU Toolchain arm-none-eabi/13.2 Rel1/bin/../lib/gcc/arm-none-eabi/13.2.1/thumb/v8-m.main+fp/hard\libm.a(libm_a-s_fabs.o)
                0x00005d9c                fabs
 *fill*         0x00005dac        0x4 
 .text.scalbn   0x00005db0      0x114 C:/Program Files (x86)/Arm GNU Toolchain arm-none-eabi/13.2 Rel1/bin/../lib/gcc/arm-none-eabi/13.2.1/thumb/v8-m.main+fp/hard\libm.a(libm_a-s_scalbn.o)
                0x00005db0                scalbn
 .text.with_errno
                0x00005ec4       0x24 C:/Program Files (x86)/Arm GNU Toolchain arm-none-eabi/13.2 Rel1/bin/../lib/gcc/arm-none-eabi/13.2.1/thumb/v8-m.main+fp/hard\libm.a(libm_a-math_err.o)
 .text.xflow    0x00005ee8       0x38 C:/Program Files (x86)/Arm GNU Toolchain arm-none-eabi/13.2 Rel1/bin/../lib/gcc/arm-none-eabi/13.2.1/thumb/v8-m.main+fp/hard\libm.a(libm_a-math_err.o)
 .text.__math_uflow
                0x00005f20       0x10 C:/Program Files (x86)/Arm GNU Toolchain arm-none-eabi/13.2 Rel1/bin/../lib/gcc/arm-none-eabi/13.2.1/thumb/v8-m.main+fp/hard\libm.a(libm_a-math_err.o)
                0x00005f20                __math_uflow
 .text.__math_oflow
                0x00005f30       0x10 C:/Program Files (x86)/Arm GNU Toolchain arm-none-eabi/13.2 Rel1/bin/../lib/gcc/arm-none-eabi/13.2.1/thumb/v8-m.main+fp/hard\libm.a(libm_a-math_err.o)
                0x00005f30                __math_oflow
 .text.__ieee754_log
                0x00005f40      0x3b0 C:/Program Files (x86)/Arm GNU Toolchain arm-none-eabi/13.2 Rel1/bin/../lib/gcc/arm-none-eabi/13.2.1/thumb/v8-m.main+fp/hard\libm.a(libm_a-e_log.o)
                0x00005f40                __ieee754_log
 .text          0x000062f0      0x424 C:/Program Files (x86)/Arm GNU Toolchain arm-none-eabi/13.2 Rel1/bin/../lib/gcc/arm-none-eabi/13.2.1/thumb/v8-m.main+fp/hard\libgcc.a(_arm_muldivdf3.o)
                0x000062f0                __aeabi_dmul
                0x000062f0                __muldf3
                0x00006544                __divdf3
                0x00006544                __aeabi_ddiv
 .text          0x00006714       0x2c C:/Program Files (x86)/Arm GNU Toolchain arm-none-eabi/13.2 Rel1/bin/../lib/gcc/arm-none-eabi/13.2.1/thumb/v8-m.main+fp/hard\libgcc.a(_arm_unorddf2.o)
                0x00006714                __unorddf2
                0x00006714                __aeabi_dcmpun
 .text          0x00006740       0x50 C:/Program Files (x86)/Arm GNU Toolchain arm-none-eabi/13.2 Rel1/bin/../lib/gcc/arm-none-eabi/13.2.1/thumb/v8-m.main+fp/hard\libgcc.a(_arm_fixdfsi.o)
                0x00006740                __aeabi_d2iz
                0x00006740                __fixdfsi
 *(.rodata*)
 .rodata.zmod4410_read_iaq.str1.4
                0x00006790      0x2c3 ./src/dev/zmod4410/zmod4410_adapter.o
                                0x244 (size before relaxing)
 .rodata.hal_entry.str1.4
                0x00006a53       0x7f ./src/hal_entry.o
 *fill*         0x00006a53        0x1 
 .rodata.g_i2c_master0
                0x00006a54        0xc ./ra_gen/common_data.o
                0x00006a54                g_i2c_master0
 .rodata.g_i2c_master0_cfg
                0x00006a60       0x28 ./ra_gen/common_data.o
                0x00006a60                g_i2c_master0_cfg
 .rodata.g_i2c_master0_extend
                0x00006a88        0x8 ./ra_gen/common_data.o
                0x00006a88                g_i2c_master0_extend
 .rodata.g_uart3_cfg
                0x00006a90       0x20 ./ra_gen/hal_data.o
                0x00006a90                g_uart3_cfg
 .rodata.g_uart3_cfg_extend
                0x00006ab0       0x14 ./ra_gen/hal_data.o
                0x00006ab0                g_uart3_cfg_extend
 .rodata.g_zmod4xxx_sensor0_cfg
                0x00006ac4       0x18 ./ra_gen/hal_data.o
                0x00006ac4                g_zmod4xxx_sensor0_cfg
 .rodata.g_comms_i2c_device0
                0x00006adc        0xc ./ra_gen/hal_data.o
                0x00006adc                g_comms_i2c_device0
 .rodata.g_comms_i2c_device0_cfg
                0x00006ae8       0x14 ./ra_gen/hal_data.o
                0x00006ae8                g_comms_i2c_device0_cfg
 .rodata.g_comms_i2c_device0_lower_level_cfg
                0x00006afc       0x28 ./ra_gen/hal_data.o
                0x00006afc                g_comms_i2c_device0_lower_level_cfg
 .rodata.g_bsp_pin_cfg
                0x00006b24        0xc ./ra_gen/pin_data.o
                0x00006b24                g_bsp_pin_cfg
 .rodata.g_bsp_pin_cfg_data
                0x00006b30      0x280 ./ra_gen/pin_data.o
                0x00006b30                g_bsp_pin_cfg_data
 .rodata.g_interrupt_event_link_select
                0x00006db0       0x10 ./ra_gen/vector_data.o
                0x00006db0                g_interrupt_event_link_select
 .rodata.g_zmod4xxx_on_zmod4410_iaq_2nd_gen
                0x00006dc0       0x40 ./ra/fsp/src/rm_zmod4xxx/iaq_2nd_gen/rm_zmod4410_iaq_2nd_gen.o
                0x00006dc0                g_zmod4xxx_on_zmod4410_iaq_2nd_gen
 .rodata.g_comms_on_comms_i2c
                0x00006e00       0x18 ./ra/fsp/src/rm_comms_i2c/rm_comms_i2c.o
                0x00006e00                g_comms_on_comms_i2c
 .rodata.g_vbatt_pins_input
                0x00006e18        0x6 ./ra/fsp/src/r_ioport/r_ioport.o
 *fill*         0x00006e1e        0x2 
 .rodata.g_i2c_master_on_iic
                0x00006e20       0x20 ./ra/fsp/src/r_iic_master/r_iic_master.o
                0x00006e20                g_i2c_master_on_iic
 .rodata.g_init_info
                0x00006e40       0x18 ./ra/fsp/src/bsp/mcu/ra6m5/bsp_linker.o
                0x00006e40                g_init_info
 .rodata.nocache_list
                0x00006e58       0x10 ./ra/fsp/src/bsp/mcu/ra6m5/bsp_linker.o
 .rodata.copy_list
                0x00006e68       0x80 ./ra/fsp/src/bsp/mcu/ra6m5/bsp_linker.o
 .rodata.zero_list
                0x00006ee8       0x30 ./ra/fsp/src/bsp/mcu/ra6m5/bsp_linker.o
 .rodata.g_prcr_masks
                0x00006f18        0xa ./ra/fsp/src/bsp/mcu/all/bsp_register_protection.o
 *fill*         0x00006f22        0x2 
 .rodata.ys.0   0x00006f24        0xc D:\1_WorkSpace\FW\Renesas\CK_RA6M5---I2C\ra\fsp\lib\rm_zmod4xxx\cm33_gcc\lib_iaq_2nd_gen.a(iaq_2nd_gen.o)
 .rodata.iaq_2nd_gen_RH_nnet_layer2_bias_weights
                0x00006f30       0x10 D:\1_WorkSpace\FW\Renesas\CK_RA6M5---I2C\ra\fsp\lib\rm_zmod4xxx\cm33_gcc\lib_iaq_2nd_gen.a(iaq_2nd_gen_RH_nnet.o)
 .rodata.iaq_2nd_gen_RH_nnet_layer0_bias_weights
                0x00006f40       0x24 D:\1_WorkSpace\FW\Renesas\CK_RA6M5---I2C\ra\fsp\lib\rm_zmod4xxx\cm33_gcc\lib_iaq_2nd_gen.a(iaq_2nd_gen_RH_nnet.o)
 .rodata.iaq_2nd_gen_T_nnet_layer2_bias_weights
                0x00006f64       0x10 D:\1_WorkSpace\FW\Renesas\CK_RA6M5---I2C\ra\fsp\lib\rm_zmod4xxx\cm33_gcc\lib_iaq_2nd_gen.a(iaq_2nd_gen_T_nnet.o)
 .rodata.iaq_2nd_gen_T_nnet_layer0_bias_weights
                0x00006f74       0x24 D:\1_WorkSpace\FW\Renesas\CK_RA6M5---I2C\ra\fsp\lib\rm_zmod4xxx\cm33_gcc\lib_iaq_2nd_gen.a(iaq_2nd_gen_T_nnet.o)
 .rodata.iaq_2nd_gen_V6_nnet_layer2_bias_weights
                0x00006f98       0x1c D:\1_WorkSpace\FW\Renesas\CK_RA6M5---I2C\ra\fsp\lib\rm_zmod4xxx\cm33_gcc\lib_iaq_2nd_gen.a(iaq_2nd_gen_V6_nnet.o)
 .rodata.iaq_2nd_gen_V6_nnet_layer0_bias_weights
                0x00006fb4       0x30 D:\1_WorkSpace\FW\Renesas\CK_RA6M5---I2C\ra\fsp\lib\rm_zmod4xxx\cm33_gcc\lib_iaq_2nd_gen.a(iaq_2nd_gen_V6_nnet.o)
 .rodata.iaq_2nd_gen_nnet_layer4_bias_weights
                0x00006fe4       0x18 D:\1_WorkSpace\FW\Renesas\CK_RA6M5---I2C\ra\fsp\lib\rm_zmod4xxx\cm33_gcc\lib_iaq_2nd_gen.a(iaq_2nd_gen_nnet.o)
 .rodata.iaq_2nd_gen_nnet_layer2_bias_weights
                0x00006ffc       0xdc D:\1_WorkSpace\FW\Renesas\CK_RA6M5---I2C\ra\fsp\lib\rm_zmod4xxx\cm33_gcc\lib_iaq_2nd_gen.a(iaq_2nd_gen_nnet.o)
 .rodata.iaq_2nd_gen_nnet_layer0_bias_weights
                0x000070d8      0x1b8 D:\1_WorkSpace\FW\Renesas\CK_RA6M5---I2C\ra\fsp\lib\rm_zmod4xxx\cm33_gcc\lib_iaq_2nd_gen.a(iaq_2nd_gen_nnet.o)
 .rodata._svfprintf_r.str1.1
                0x00007290       0x33 C:/Program Files (x86)/Arm GNU Toolchain arm-none-eabi/13.2 Rel1/bin/../lib/gcc/arm-none-eabi/13.2.1/thumb/v8-m.main+fp/hard\libg_nano.a(libc_a-nano-svfprintf.o)
                                 0x11 (size before relaxing)
 .rodata._printf_i.str1.1
                0x000072c3       0x22 C:/Program Files (x86)/Arm GNU Toolchain arm-none-eabi/13.2 Rel1/bin/../lib/gcc/arm-none-eabi/13.2.1/thumb/v8-m.main+fp/hard\libg_nano.a(libc_a-nano-vfprintf_i.o)
 .rodata.log10.str1.4
                0x000072c3        0x1 C:/Program Files (x86)/Arm GNU Toolchain arm-none-eabi/13.2 Rel1/bin/../lib/gcc/arm-none-eabi/13.2.1/thumb/v8-m.main+fp/hard\libm.a(libm_a-w_log10.o)
 *fill*         0x000072c3        0x5 
 .rodata.tiny   0x000072c8        0x8 C:/Program Files (x86)/Arm GNU Toolchain arm-none-eabi/13.2 Rel1/bin/../lib/gcc/arm-none-eabi/13.2.1/thumb/v8-m.main+fp/hard\libm.a(libm_a-e_sqrt.o)
 .rodata.one    0x000072d0        0x8 C:/Program Files (x86)/Arm GNU Toolchain arm-none-eabi/13.2 Rel1/bin/../lib/gcc/arm-none-eabi/13.2.1/thumb/v8-m.main+fp/hard\libm.a(libm_a-e_sqrt.o)
 .rodata.ln2LO  0x000072d8       0x10 C:/Program Files (x86)/Arm GNU Toolchain arm-none-eabi/13.2 Rel1/bin/../lib/gcc/arm-none-eabi/13.2.1/thumb/v8-m.main+fp/hard\libm.a(libm_a-e_exp.o)
 .rodata.ln2HI  0x000072e8       0x10 C:/Program Files (x86)/Arm GNU Toolchain arm-none-eabi/13.2 Rel1/bin/../lib/gcc/arm-none-eabi/13.2.1/thumb/v8-m.main+fp/hard\libm.a(libm_a-e_exp.o)
 .rodata.halF   0x000072f8       0x10 C:/Program Files (x86)/Arm GNU Toolchain arm-none-eabi/13.2 Rel1/bin/../lib/gcc/arm-none-eabi/13.2.1/thumb/v8-m.main+fp/hard\libm.a(libm_a-e_exp.o)
 *(.mcuboot_sce9_key)
 *(.version)
 .version       0x00007308       0x50 ./ra/fsp/src/bsp/mcu/all/bsp_common.o
                0x00007358                        __flash_readonly$$Limit = .

.glue_7         0x00007358        0x0
 .glue_7        0x00007358        0x0 linker stubs

.glue_7t        0x00007358        0x0
 .glue_7t       0x00007358        0x0 linker stubs

.vfp11_veneer   0x00007358        0x0
 .vfp11_veneer  0x00007358        0x0 linker stubs

.v4_bx          0x00007358        0x0
 .v4_bx         0x00007358        0x0 linker stubs

.init           0x00007358        0x4
 .init          0x00007358        0x4 C:/Program Files (x86)/Arm GNU Toolchain arm-none-eabi/13.2 Rel1/bin/../lib/gcc/arm-none-eabi/13.2.1/thumb/v8-m.main+fp/hard/crti.o
                0x00007358                _init

.fini           0x0000735c        0x4
 .fini          0x0000735c        0x4 C:/Program Files (x86)/Arm GNU Toolchain arm-none-eabi/13.2 Rel1/bin/../lib/gcc/arm-none-eabi/13.2.1/thumb/v8-m.main+fp/hard/crti.o
                0x0000735c                _fini

.iplt           0x00007360        0x0
 .iplt          0x00007360        0x0 C:/Program Files (x86)/Arm GNU Toolchain arm-none-eabi/13.2 Rel1/bin/../lib/gcc/arm-none-eabi/13.2.1/thumb/v8-m.main+fp/hard/crtbegin.o

__flash_ctor$$
 *crtbegin.o(.ctors)
 *crtbegin?.o(.ctors)
 EXCLUDE_FILE(*crtend.o *crtend?.o) *(.ctors)
 *(SORT_BY_NAME(.ctors.*))
 *(.ctors)
 *crtbegin.o(.dtors)
 *crtbegin?.o(.dtors)
 EXCLUDE_FILE(*crtend.o *crtend?.o) *(.dtors)
 *(SORT_BY_NAME(.dtors.*))
 *(.dtors)

__flash_preinit_array$$
                0x00007360        0x0
                0x00007360                        __preinit_array_start = .
 *(.preinit_array)
                0x00007360                        __preinit_array_end = .

__flash_.got$$
 *(.got.plt)
 *(.got)

__flash_init_array$$
                0x00007360        0x4
                0x00007360                        __init_array_start = .
 *(SORT_BY_NAME(.init_array.*))
 *(.init_array)
 .init_array    0x00007360        0x4 C:/Program Files (x86)/Arm GNU Toolchain arm-none-eabi/13.2 Rel1/bin/../lib/gcc/arm-none-eabi/13.2.1/thumb/v8-m.main+fp/hard/crtbegin.o
                0x00007364                        __init_array_end = .

__flash_fini_array$$
                0x00007364        0x4
                0x00007364                        __fini_array_start = .
 *(SORT_BY_NAME(.fini_array.*))
 *(.fini_array)
 .fini_array    0x00007364        0x4 C:/Program Files (x86)/Arm GNU Toolchain arm-none-eabi/13.2 Rel1/bin/../lib/gcc/arm-none-eabi/13.2.1/thumb/v8-m.main+fp/hard/crtbegin.o
                0x00007368                        __fini_array_end = .

__flash_arm.extab$$
 *(.ARM.extab*)
 *(.gnu.linkonce.armextab.*)

__flash_arm.exidx$$
                0x00007368        0x0
                0x00007368                        __exidx_start = .
 *(.ARM.exidx*)
 *(.gnu.linkonce.armexidx.*)
                0x00007368                        __exidx_end = .

.flash.endof    0x00007400        0x0
                0x00007400                        __ddsc_FLASH_END = .

.flash.flat_nsc
                0x00007400        0x0
                0x00007400                        __ddsc_FLASH_NSC = .

.option_setting_ofs0.startof
                0x0100a100        0x0
                0x0100a100                        __ddsc_OPTION_SETTING_OFS0_START = .

__option_setting_ofs0_reg$$
                0x0100a100        0x4
                0x0100a100                        __option_setting_ofs0_reg$$Base = .
 *(.option_setting_ofs0)
 .option_setting_ofs0
                0x0100a100        0x4 ./ra/fsp/src/bsp/mcu/ra6m5/bsp_linker.o
                0x0100a104                        __option_setting_ofs0_reg$$Limit = .

.option_setting_ofs0.endof
                0x0100a104        0x0
                0x0100a104                        __ddsc_OPTION_SETTING_OFS0_END = .

.option_setting_dualsel.startof
                0x0100a110        0x0
                0x0100a110                        __ddsc_OPTION_SETTING_DUALSEL_START = .

__option_setting_dualsel_reg$$
                0x0100a110        0x0
                0x0100a110                        __option_setting_dualsel_reg$$Base = .
 *(.option_setting_dualsel)
                0x0100a110                        __option_setting_dualsel_reg$$Limit = .

.option_setting_dualsel.endof
                0x0100a110        0x0
                0x0100a110                        __ddsc_OPTION_SETTING_DUALSEL_END = .

.option_setting_ofs1.startof
                0x0100a180        0x0
                0x0100a180                        __ddsc_OPTION_SETTING_OFS1_START = .

__option_setting_ofs1_reg$$
                0x0100a180        0x0
                0x0100a180                        __option_setting_ofs1_reg$$Base = .
 *(.option_setting_ofs1)
                0x0100a180                        __option_setting_ofs1_reg$$Limit = .

.option_setting_ofs1.endof
                0x0100a180        0x0
                0x0100a180                        __ddsc_OPTION_SETTING_OFS1_END = .

.option_setting_banksel.startof
                0x0100a190        0x0
                0x0100a190                        __ddsc_OPTION_SETTING_BANKSEL_START = .

__option_setting_banksel_reg$$
                0x0100a190        0x0
                0x0100a190                        __option_setting_banksel_reg$$Base = .
 *(.option_setting_banksel)
                0x0100a190                        __option_setting_banksel_reg$$Limit = .

.option_setting_banksel.endof
                0x0100a190        0x0
                0x0100a190                        __ddsc_OPTION_SETTING_BANKSEL_END = .

.option_setting_bps.startof
                0x0100a1c0        0x0
                0x0100a1c0                        __ddsc_OPTION_SETTING_BPS_START = .

__option_setting_bps_reg$$
                0x0100a1c0        0x0
                0x0100a1c0                        __option_setting_bps_reg$$Base = .
 *(.option_setting_bps)
                0x0100a1c0                        __option_setting_bps_reg$$Limit = .

.option_setting_bps.endof
                0x0100a1c0        0x0
                0x0100a1c0                        __ddsc_OPTION_SETTING_BPS_END = .

.option_setting_pbps.startof
                0x0100a1e0        0x0
                0x0100a1e0                        __ddsc_OPTION_SETTING_PBPS_START = .

__option_setting_pbps_reg$$
                0x0100a1e0        0x0
                0x0100a1e0                        __option_setting_pbps_reg$$Base = .
 *(.option_setting_pbps)
                0x0100a1e0                        __option_setting_pbps_reg$$Limit = .

.option_setting_pbps.endof
                0x0100a1e0        0x0
                0x0100a1e0                        __ddsc_OPTION_SETTING_PBPS_END = .

.option_setting_ofs1_sec.startof
                0x0100a200        0x0
                0x0100a200                        __ddsc_OPTION_SETTING_OFS1_SEC_START = .

__option_setting_ofs1_sec_reg$$
                0x0100a200        0x4
                0x0100a200                        __option_setting_ofs1_sec_reg$$Base = .
 *(.option_setting_ofs1_sec)
 .option_setting_ofs1_sec
                0x0100a200        0x4 ./ra/fsp/src/bsp/mcu/ra6m5/bsp_linker.o
                0x0100a204                        __option_setting_ofs1_sec_reg$$Limit = .

.option_setting_ofs1_sec.endof
                0x0100a204        0x0
                0x0100a204                        __ddsc_OPTION_SETTING_OFS1_SEC_END = .

.option_setting_banksel_sec.startof
                0x0100a210        0x0
                0x0100a210                        __ddsc_OPTION_SETTING_BANKSEL_SEC_START = .

__option_setting_banksel_sec_reg$$
                0x0100a210        0x0
                0x0100a210                        __option_setting_banksel_sec_reg$$Base = .
 *(.option_setting_banksel_sec)
                0x0100a210                        __option_setting_banksel_sec_reg$$Limit = .

.option_setting_banksel_sec.endof
                0x0100a210        0x0
                0x0100a210                        __ddsc_OPTION_SETTING_BANKSEL_SEC_END = .

.option_setting_bps_sec.startof
                0x0100a240        0x0
                0x0100a240                        __ddsc_OPTION_SETTING_BPS_SEC_START = .

__option_setting_bps_sec_reg$$
                0x0100a240        0x0
                0x0100a240                        __option_setting_bps_sec_reg$$Base = .
 *(.option_setting_bps_sec)
                0x0100a240                        __option_setting_bps_sec_reg$$Limit = .

.option_setting_bps_sec.endof
                0x0100a240        0x0
                0x0100a240                        __ddsc_OPTION_SETTING_BPS_SEC_END = .

.option_setting_pbps_sec.startof
                0x0100a260        0x0
                0x0100a260                        __ddsc_OPTION_SETTING_PBPS_SEC_START = .

__option_setting_pbps_sec_reg$$
                0x0100a260        0x0
                0x0100a260                        __option_setting_pbps_sec_reg$$Base = .
 *(.option_setting_pbps_sec)
                0x0100a260                        __option_setting_pbps_sec_reg$$Limit = .

.option_setting_pbps_sec.endof
                0x0100a260        0x0
                0x0100a260                        __ddsc_OPTION_SETTING_PBPS_SEC_END = .

.option_setting_ofs1_sel.startof
                0x0100a280        0x0
                0x0100a280                        __ddsc_OPTION_SETTING_OFS1_SEL_START = .

__option_setting_ofs1_sel_reg$$
                0x0100a280        0x4
                0x0100a280                        __option_setting_ofs1_sel_reg$$Base = .
 *(.option_setting_ofs1_sel)
 .option_setting_ofs1_sel
                0x0100a280        0x4 ./ra/fsp/src/bsp/mcu/ra6m5/bsp_linker.o
                0x0100a284                        __option_setting_ofs1_sel_reg$$Limit = .

.eh_frame       0x0100a284        0x0
 .eh_frame      0x0100a284        0x0 C:/Program Files (x86)/Arm GNU Toolchain arm-none-eabi/13.2 Rel1/bin/../lib/gcc/arm-none-eabi/13.2.1/thumb/v8-m.main+fp/hard/crtbegin.o

.rel.dyn        0x0100a284        0x0
 .rel.iplt      0x0100a284        0x0 C:/Program Files (x86)/Arm GNU Toolchain arm-none-eabi/13.2 Rel1/bin/../lib/gcc/arm-none-eabi/13.2.1/thumb/v8-m.main+fp/hard/crtbegin.o

.option_setting_ofs1_sel.endof
                0x0100a284        0x0
                0x0100a284                        __ddsc_OPTION_SETTING_OFS1_SEL_END = .

.option_setting_banksel_sel.startof
                0x0100a290        0x0
                0x0100a290                        __ddsc_OPTION_SETTING_BANKSEL_SEL_START = .

__option_setting_banksel_sel_reg$$
                0x0100a290        0x0
                0x0100a290                        __option_setting_banksel_sel_reg$$Base = .
 *(.option_setting_banksel_sel)
                0x0100a290                        __option_setting_banksel_sel_reg$$Limit = .

.option_setting_banksel_sel.endof
                0x0100a290        0x0
                0x0100a290                        __ddsc_OPTION_SETTING_BANKSEL_SEL_END = .

.option_setting_bps_sel.startof
                0x0100a2c0        0x0
                0x0100a2c0                        __ddsc_OPTION_SETTING_BPS_SEL_START = .

__option_setting_bps_sel_reg$$
                0x0100a2c0        0x0
                0x0100a2c0                        __option_setting_bps_sel_reg$$Base = .
 *(.option_setting_bps_sel)
                0x0100a2c0                        __option_setting_bps_sel_reg$$Limit = .

.option_setting_bps_sel.endof
                0x0100a2c0        0x0
                0x0100a2c0                        __ddsc_OPTION_SETTING_BPS_SEL_END = .
OUTPUT(i2c_prj.elf elf32-littlearm)
LOAD linker stubs

.ARM.attributes
                0x00000000       0x36
 .ARM.attributes
                0x00000000       0x26 C:/Program Files (x86)/Arm GNU Toolchain arm-none-eabi/13.2 Rel1/bin/../lib/gcc/arm-none-eabi/13.2.1/thumb/v8-m.main+fp/hard/crti.o
 .ARM.attributes
                0x00000026       0x38 C:/Program Files (x86)/Arm GNU Toolchain arm-none-eabi/13.2 Rel1/bin/../lib/gcc/arm-none-eabi/13.2.1/thumb/v8-m.main+fp/hard/crtbegin.o
 .ARM.attributes
                0x0000005e       0x3a ./src/dev/zmod4410/zmod4410_adapter.o
 .ARM.attributes
                0x00000098       0x3a ./src/dev/uart/uart.o
 .ARM.attributes
                0x000000d2       0x3a ./src/dev/i2c/i2c.o
 .ARM.attributes
                0x0000010c       0x3a ./src/hal_entry.o
 .ARM.attributes
                0x00000146       0x3a ./src/hal_warmstart.o
 .ARM.attributes
                0x00000180       0x3a ./ra_gen/common_data.o
 .ARM.attributes
                0x000001ba       0x3a ./ra_gen/hal_data.o
 .ARM.attributes
                0x000001f4       0x3a ./ra_gen/main.o
 .ARM.attributes
                0x0000022e       0x3a ./ra_gen/pin_data.o
 .ARM.attributes
                0x00000268       0x3a ./ra_gen/vector_data.o
 .ARM.attributes
                0x000002a2       0x3a ./ra/fsp/src/rm_zmod4xxx/iaq_2nd_gen/rm_zmod4410_iaq_2nd_gen.o
 .ARM.attributes
                0x000002dc       0x3a ./ra/fsp/src/rm_zmod4xxx/rm_zmod4xxx.o
 .ARM.attributes
                0x00000316       0x3a ./ra/fsp/src/rm_comms_i2c/rm_comms_i2c.o
 .ARM.attributes
                0x00000350       0x3a ./ra/fsp/src/rm_comms_i2c/rm_comms_i2c_driver_ra.o
 .ARM.attributes
                0x0000038a       0x3a ./ra/fsp/src/r_sci_uart/r_sci_uart.o
 .ARM.attributes
                0x000003c4       0x3a ./ra/fsp/src/r_ioport/r_ioport.o
 .ARM.attributes
                0x000003fe       0x3a ./ra/fsp/src/r_iic_master/r_iic_master.o
 .ARM.attributes
                0x00000438       0x3a ./ra/fsp/src/bsp/mcu/ra6m5/bsp_linker.o
 .ARM.attributes
                0x00000472       0x3a ./ra/fsp/src/bsp/mcu/all/bsp_clocks.o
 .ARM.attributes
                0x000004ac       0x3a ./ra/fsp/src/bsp/mcu/all/bsp_common.o
 .ARM.attributes
                0x000004e6       0x3a ./ra/fsp/src/bsp/mcu/all/bsp_delay.o
 .ARM.attributes
                0x00000520       0x3a ./ra/fsp/src/bsp/mcu/all/bsp_group_irq.o
 .ARM.attributes
                0x0000055a       0x3a ./ra/fsp/src/bsp/mcu/all/bsp_io.o
 .ARM.attributes
                0x00000594       0x3a ./ra/fsp/src/bsp/mcu/all/bsp_irq.o
 .ARM.attributes
                0x000005ce       0x3a ./ra/fsp/src/bsp/mcu/all/bsp_register_protection.o
 .ARM.attributes
                0x00000608       0x3a ./ra/fsp/src/bsp/mcu/all/bsp_sbrk.o
 .ARM.attributes
                0x00000642       0x3a ./ra/fsp/src/bsp/cmsis/Device/RENESAS/Source/startup.o
 .ARM.attributes
                0x0000067c       0x3a ./ra/fsp/src/bsp/cmsis/Device/RENESAS/Source/system.o
 .ARM.attributes
                0x000006b6       0x3a ./ra/board/ra6m5_ck/board_init.o
 .ARM.attributes
                0x000006f0       0x3a D:\1_WorkSpace\FW\Renesas\CK_RA6M5---I2C\ra\fsp\lib\rm_zmod4xxx\cm33_gcc\lib_iaq_2nd_gen.a(iaq_2nd_gen.o)
 .ARM.attributes
                0x0000072a       0x3a D:\1_WorkSpace\FW\Renesas\CK_RA6M5---I2C\ra\fsp\lib\rm_zmod4xxx\cm33_gcc\lib_iaq_2nd_gen.a(iaq_2nd_gen_RH_nnet.o)
 .ARM.attributes
                0x00000764       0x3a D:\1_WorkSpace\FW\Renesas\CK_RA6M5---I2C\ra\fsp\lib\rm_zmod4xxx\cm33_gcc\lib_iaq_2nd_gen.a(iaq_2nd_gen_T_nnet.o)
 .ARM.attributes
                0x0000079e       0x3a D:\1_WorkSpace\FW\Renesas\CK_RA6M5---I2C\ra\fsp\lib\rm_zmod4xxx\cm33_gcc\lib_iaq_2nd_gen.a(iaq_2nd_gen_V6_nnet.o)
 .ARM.attributes
                0x000007d8       0x3a D:\1_WorkSpace\FW\Renesas\CK_RA6M5---I2C\ra\fsp\lib\rm_zmod4xxx\cm33_gcc\lib_iaq_2nd_gen.a(iaq_2nd_gen_nnet.o)
 .ARM.attributes
                0x00000812       0x3a D:\1_WorkSpace\FW\Renesas\CK_RA6M5---I2C\ra\fsp\lib\rm_zmod4xxx\cm33_gcc\lib_iaq_2nd_gen.a(nnet_funcs.o)
 .ARM.attributes
                0x0000084c       0x26 C:/Program Files (x86)/Arm GNU Toolchain arm-none-eabi/13.2 Rel1/bin/../lib/gcc/arm-none-eabi/13.2.1/thumb/v8-m.main+fp/hard\libgcc.a(_arm_addsubdf3.o)
 .ARM.attributes
                0x00000872       0x26 C:/Program Files (x86)/Arm GNU Toolchain arm-none-eabi/13.2 Rel1/bin/../lib/gcc/arm-none-eabi/13.2.1/thumb/v8-m.main+fp/hard\libgcc.a(_arm_cmpdf2.o)
 .ARM.attributes
                0x00000898       0x26 C:/Program Files (x86)/Arm GNU Toolchain arm-none-eabi/13.2 Rel1/bin/../lib/gcc/arm-none-eabi/13.2.1/thumb/v8-m.main+fp/hard\libgcc.a(_arm_truncdfsf2.o)
 .ARM.attributes
                0x000008be       0x38 C:/Program Files (x86)/Arm GNU Toolchain arm-none-eabi/13.2 Rel1/bin/../lib/gcc/arm-none-eabi/13.2.1/thumb/v8-m.main+fp/hard\libg_nano.a(libc_a-findfp.o)
 .ARM.attributes
                0x000008f6       0x38 C:/Program Files (x86)/Arm GNU Toolchain arm-none-eabi/13.2 Rel1/bin/../lib/gcc/arm-none-eabi/13.2.1/thumb/v8-m.main+fp/hard\libg_nano.a(libc_a-snprintf.o)
 .ARM.attributes
                0x0000092e       0x38 C:/Program Files (x86)/Arm GNU Toolchain arm-none-eabi/13.2 Rel1/bin/../lib/gcc/arm-none-eabi/13.2.1/thumb/v8-m.main+fp/hard\libg_nano.a(libc_a-memset.o)
 .ARM.attributes
                0x00000966       0x38 C:/Program Files (x86)/Arm GNU Toolchain arm-none-eabi/13.2 Rel1/bin/../lib/gcc/arm-none-eabi/13.2.1/thumb/v8-m.main+fp/hard\libg_nano.a(libc_a-reent.o)
 .ARM.attributes
                0x0000099e       0x38 C:/Program Files (x86)/Arm GNU Toolchain arm-none-eabi/13.2 Rel1/bin/../lib/gcc/arm-none-eabi/13.2.1/thumb/v8-m.main+fp/hard\libg_nano.a(libc_a-impure.o)
 .ARM.attributes
                0x000009d6       0x38 C:/Program Files (x86)/Arm GNU Toolchain arm-none-eabi/13.2 Rel1/bin/../lib/gcc/arm-none-eabi/13.2.1/thumb/v8-m.main+fp/hard\libg_nano.a(libc_a-errno.o)
 .ARM.attributes
                0x00000a0e       0x38 C:/Program Files (x86)/Arm GNU Toolchain arm-none-eabi/13.2 Rel1/bin/../lib/gcc/arm-none-eabi/13.2.1/thumb/v8-m.main+fp/hard\libg_nano.a(libc_a-lock.o)
 .ARM.attributes
                0x00000a46       0x38 C:/Program Files (x86)/Arm GNU Toolchain arm-none-eabi/13.2 Rel1/bin/../lib/gcc/arm-none-eabi/13.2.1/thumb/v8-m.main+fp/hard\libg_nano.a(libc_a-memcpy-stub.o)
 .ARM.attributes
                0x00000a7e       0x38 C:/Program Files (x86)/Arm GNU Toolchain arm-none-eabi/13.2 Rel1/bin/../lib/gcc/arm-none-eabi/13.2.1/thumb/v8-m.main+fp/hard\libg_nano.a(libc_a-freer.o)
 .ARM.attributes
                0x00000ab6       0x38 C:/Program Files (x86)/Arm GNU Toolchain arm-none-eabi/13.2 Rel1/bin/../lib/gcc/arm-none-eabi/13.2.1/thumb/v8-m.main+fp/hard\libg_nano.a(libc_a-mallocr.o)
 .ARM.attributes
                0x00000aee       0x38 C:/Program Files (x86)/Arm GNU Toolchain arm-none-eabi/13.2 Rel1/bin/../lib/gcc/arm-none-eabi/13.2.1/thumb/v8-m.main+fp/hard\libg_nano.a(libc_a-mlock.o)
 .ARM.attributes
                0x00000b26       0x38 C:/Program Files (x86)/Arm GNU Toolchain arm-none-eabi/13.2 Rel1/bin/../lib/gcc/arm-none-eabi/13.2.1/thumb/v8-m.main+fp/hard\libg_nano.a(libc_a-nano-svfprintf.o)
 .ARM.attributes
                0x00000b5e       0x38 C:/Program Files (x86)/Arm GNU Toolchain arm-none-eabi/13.2 Rel1/bin/../lib/gcc/arm-none-eabi/13.2.1/thumb/v8-m.main+fp/hard\libg_nano.a(libc_a-nano-vfprintf_i.o)
 .ARM.attributes
                0x00000b96       0x38 C:/Program Files (x86)/Arm GNU Toolchain arm-none-eabi/13.2 Rel1/bin/../lib/gcc/arm-none-eabi/13.2.1/thumb/v8-m.main+fp/hard\libg_nano.a(libc_a-memmove.o)
 .ARM.attributes
                0x00000bce       0x38 C:/Program Files (x86)/Arm GNU Toolchain arm-none-eabi/13.2 Rel1/bin/../lib/gcc/arm-none-eabi/13.2.1/thumb/v8-m.main+fp/hard\libg_nano.a(libc_a-sbrkr.o)
 .ARM.attributes
                0x00000c06       0x38 C:/Program Files (x86)/Arm GNU Toolchain arm-none-eabi/13.2 Rel1/bin/../lib/gcc/arm-none-eabi/13.2.1/thumb/v8-m.main+fp/hard\libg_nano.a(libc_a-memchr-stub.o)
 .ARM.attributes
                0x00000c3e       0x38 C:/Program Files (x86)/Arm GNU Toolchain arm-none-eabi/13.2 Rel1/bin/../lib/gcc/arm-none-eabi/13.2.1/thumb/v8-m.main+fp/hard\libg_nano.a(libc_a-reallocr.o)
 .ARM.attributes
                0x00000c76       0x38 C:/Program Files (x86)/Arm GNU Toolchain arm-none-eabi/13.2 Rel1/bin/../lib/gcc/arm-none-eabi/13.2.1/thumb/v8-m.main+fp/hard\libg_nano.a(libc_a-msizer.o)
 .ARM.attributes
                0x00000cae       0x38 C:/Program Files (x86)/Arm GNU Toolchain arm-none-eabi/13.2 Rel1/bin/../lib/gcc/arm-none-eabi/13.2.1/thumb/v8-m.main+fp/hard/crtend.o
 .ARM.attributes
                0x00000ce6       0x38 C:/Program Files (x86)/Arm GNU Toolchain arm-none-eabi/13.2 Rel1/bin/../lib/gcc/arm-none-eabi/13.2.1/thumb/v8-m.main+fp/hard\libm.a(libm_a-w_exp.o)
 .ARM.attributes
                0x00000d1e       0x38 C:/Program Files (x86)/Arm GNU Toolchain arm-none-eabi/13.2 Rel1/bin/../lib/gcc/arm-none-eabi/13.2.1/thumb/v8-m.main+fp/hard\libm.a(libm_a-w_log10.o)
 .ARM.attributes
                0x00000d56       0x38 C:/Program Files (x86)/Arm GNU Toolchain arm-none-eabi/13.2 Rel1/bin/../lib/gcc/arm-none-eabi/13.2.1/thumb/v8-m.main+fp/hard\libm.a(libm_a-w_pow.o)
 .ARM.attributes
                0x00000d8e       0x38 C:/Program Files (x86)/Arm GNU Toolchain arm-none-eabi/13.2 Rel1/bin/../lib/gcc/arm-none-eabi/13.2.1/thumb/v8-m.main+fp/hard\libm.a(libm_a-w_sqrt.o)
 .ARM.attributes
                0x00000dc6       0x38 C:/Program Files (x86)/Arm GNU Toolchain arm-none-eabi/13.2 Rel1/bin/../lib/gcc/arm-none-eabi/13.2.1/thumb/v8-m.main+fp/hard\libm.a(libm_a-s_finite.o)
 .ARM.attributes
                0x00000dfe       0x38 C:/Program Files (x86)/Arm GNU Toolchain arm-none-eabi/13.2 Rel1/bin/../lib/gcc/arm-none-eabi/13.2.1/thumb/v8-m.main+fp/hard\libm.a(libm_a-s_nan.o)
 .ARM.attributes
                0x00000e36       0x38 C:/Program Files (x86)/Arm GNU Toolchain arm-none-eabi/13.2 Rel1/bin/../lib/gcc/arm-none-eabi/13.2.1/thumb/v8-m.main+fp/hard\libm.a(libm_a-e_sqrt.o)
 .ARM.attributes
                0x00000e6e       0x38 C:/Program Files (x86)/Arm GNU Toolchain arm-none-eabi/13.2 Rel1/bin/../lib/gcc/arm-none-eabi/13.2.1/thumb/v8-m.main+fp/hard\libm.a(libm_a-e_exp.o)
 .ARM.attributes
                0x00000ea6       0x38 C:/Program Files (x86)/Arm GNU Toolchain arm-none-eabi/13.2 Rel1/bin/../lib/gcc/arm-none-eabi/13.2.1/thumb/v8-m.main+fp/hard\libm.a(libm_a-e_log10.o)
 .ARM.attributes
                0x00000ede       0x38 C:/Program Files (x86)/Arm GNU Toolchain arm-none-eabi/13.2 Rel1/bin/../lib/gcc/arm-none-eabi/13.2.1/thumb/v8-m.main+fp/hard\libm.a(libm_a-e_pow.o)
 .ARM.attributes
                0x00000f16       0x38 C:/Program Files (x86)/Arm GNU Toolchain arm-none-eabi/13.2 Rel1/bin/../lib/gcc/arm-none-eabi/13.2.1/thumb/v8-m.main+fp/hard\libm.a(libm_a-s_fabs.o)
 .ARM.attributes
                0x00000f4e       0x38 C:/Program Files (x86)/Arm GNU Toolchain arm-none-eabi/13.2 Rel1/bin/../lib/gcc/arm-none-eabi/13.2.1/thumb/v8-m.main+fp/hard\libm.a(libm_a-s_scalbn.o)
 .ARM.attributes
                0x00000f86       0x38 C:/Program Files (x86)/Arm GNU Toolchain arm-none-eabi/13.2 Rel1/bin/../lib/gcc/arm-none-eabi/13.2.1/thumb/v8-m.main+fp/hard\libm.a(libm_a-math_err.o)
 .ARM.attributes
                0x00000fbe       0x38 C:/Program Files (x86)/Arm GNU Toolchain arm-none-eabi/13.2 Rel1/bin/../lib/gcc/arm-none-eabi/13.2.1/thumb/v8-m.main+fp/hard\libm.a(libm_a-e_log.o)
 .ARM.attributes
                0x00000ff6       0x26 C:/Program Files (x86)/Arm GNU Toolchain arm-none-eabi/13.2 Rel1/bin/../lib/gcc/arm-none-eabi/13.2.1/thumb/v8-m.main+fp/hard\libgcc.a(_arm_muldivdf3.o)
 .ARM.attributes
                0x0000101c       0x26 C:/Program Files (x86)/Arm GNU Toolchain arm-none-eabi/13.2 Rel1/bin/../lib/gcc/arm-none-eabi/13.2.1/thumb/v8-m.main+fp/hard\libgcc.a(_arm_unorddf2.o)
 .ARM.attributes
                0x00001042       0x26 C:/Program Files (x86)/Arm GNU Toolchain arm-none-eabi/13.2 Rel1/bin/../lib/gcc/arm-none-eabi/13.2.1/thumb/v8-m.main+fp/hard\libgcc.a(_arm_fixdfsi.o)

.comment        0x00000000       0x44
 .comment       0x00000000       0x44 ./src/dev/zmod4410/zmod4410_adapter.o
                                 0x45 (size before relaxing)
 .comment       0x00000044       0x45 ./src/dev/uart/uart.o
 .comment       0x00000044       0x45 ./src/dev/i2c/i2c.o
 .comment       0x00000044       0x45 ./src/hal_entry.o
 .comment       0x00000044       0x45 ./src/hal_warmstart.o
 .comment       0x00000044       0x45 ./ra_gen/common_data.o
 .comment       0x00000044       0x45 ./ra_gen/hal_data.o
 .comment       0x00000044       0x45 ./ra_gen/main.o
 .comment       0x00000044       0x45 ./ra_gen/pin_data.o
 .comment       0x00000044       0x45 ./ra_gen/vector_data.o
 .comment       0x00000044       0x45 ./ra/fsp/src/rm_zmod4xxx/iaq_2nd_gen/rm_zmod4410_iaq_2nd_gen.o
 .comment       0x00000044       0x45 ./ra/fsp/src/rm_zmod4xxx/rm_zmod4xxx.o
 .comment       0x00000044       0x45 ./ra/fsp/src/rm_comms_i2c/rm_comms_i2c.o
 .comment       0x00000044       0x45 ./ra/fsp/src/rm_comms_i2c/rm_comms_i2c_driver_ra.o
 .comment       0x00000044       0x45 ./ra/fsp/src/r_sci_uart/r_sci_uart.o
 .comment       0x00000044       0x45 ./ra/fsp/src/r_ioport/r_ioport.o
 .comment       0x00000044       0x45 ./ra/fsp/src/r_iic_master/r_iic_master.o
 .comment       0x00000044       0x45 ./ra/fsp/src/bsp/mcu/ra6m5/bsp_linker.o
 .comment       0x00000044       0x45 ./ra/fsp/src/bsp/mcu/all/bsp_clocks.o
 .comment       0x00000044       0x45 ./ra/fsp/src/bsp/mcu/all/bsp_common.o
 .comment       0x00000044       0x45 ./ra/fsp/src/bsp/mcu/all/bsp_delay.o
 .comment       0x00000044       0x45 ./ra/fsp/src/bsp/mcu/all/bsp_group_irq.o
 .comment       0x00000044       0x45 ./ra/fsp/src/bsp/mcu/all/bsp_io.o
 .comment       0x00000044       0x45 ./ra/fsp/src/bsp/mcu/all/bsp_irq.o
 .comment       0x00000044       0x45 ./ra/fsp/src/bsp/mcu/all/bsp_register_protection.o
 .comment       0x00000044       0x45 ./ra/fsp/src/bsp/mcu/all/bsp_sbrk.o
 .comment       0x00000044       0x45 ./ra/fsp/src/bsp/cmsis/Device/RENESAS/Source/startup.o
 .comment       0x00000044       0x45 ./ra/fsp/src/bsp/cmsis/Device/RENESAS/Source/system.o
 .comment       0x00000044       0x45 ./ra/board/ra6m5_ck/board_init.o
 .comment       0x00000044       0x45 D:\1_WorkSpace\FW\Renesas\CK_RA6M5---I2C\ra\fsp\lib\rm_zmod4xxx\cm33_gcc\lib_iaq_2nd_gen.a(iaq_2nd_gen.o)
 .comment       0x00000044       0x45 D:\1_WorkSpace\FW\Renesas\CK_RA6M5---I2C\ra\fsp\lib\rm_zmod4xxx\cm33_gcc\lib_iaq_2nd_gen.a(iaq_2nd_gen_RH_nnet.o)
 .comment       0x00000044       0x45 D:\1_WorkSpace\FW\Renesas\CK_RA6M5---I2C\ra\fsp\lib\rm_zmod4xxx\cm33_gcc\lib_iaq_2nd_gen.a(iaq_2nd_gen_T_nnet.o)
 .comment       0x00000044       0x45 D:\1_WorkSpace\FW\Renesas\CK_RA6M5---I2C\ra\fsp\lib\rm_zmod4xxx\cm33_gcc\lib_iaq_2nd_gen.a(iaq_2nd_gen_V6_nnet.o)
 .comment       0x00000044       0x45 D:\1_WorkSpace\FW\Renesas\CK_RA6M5---I2C\ra\fsp\lib\rm_zmod4xxx\cm33_gcc\lib_iaq_2nd_gen.a(iaq_2nd_gen_nnet.o)
 .comment       0x00000044       0x45 D:\1_WorkSpace\FW\Renesas\CK_RA6M5---I2C\ra\fsp\lib\rm_zmod4xxx\cm33_gcc\lib_iaq_2nd_gen.a(nnet_funcs.o)

.debug_info     0x00000000    0x43694
 .debug_info    0x00000000     0x3345 ./src/dev/zmod4410/zmod4410_adapter.o
 .debug_info    0x00003345     0x32b6 ./src/dev/uart/uart.o
 .debug_info    0x000065fb     0x28fc ./src/dev/i2c/i2c.o
 .debug_info    0x00008ef7      0xacb ./src/hal_entry.o
 .debug_info    0x000099c2      0xfff ./src/hal_warmstart.o
 .debug_info    0x0000a9c1     0x272e ./ra_gen/common_data.o
 .debug_info    0x0000d0ef     0x4b94 ./ra_gen/hal_data.o
 .debug_info    0x00011c83       0xb1 ./ra_gen/main.o
 .debug_info    0x00011d34      0xa31 ./ra_gen/pin_data.o
 .debug_info    0x00012765      0x8d2 ./ra_gen/vector_data.o
 .debug_info    0x00013037     0x1df9 ./ra/fsp/src/rm_zmod4xxx/iaq_2nd_gen/rm_zmod4410_iaq_2nd_gen.o
 .debug_info    0x00014e30     0x2d1b ./ra/fsp/src/rm_zmod4xxx/rm_zmod4xxx.o
 .debug_info    0x00017b4b      0xe05 ./ra/fsp/src/rm_comms_i2c/rm_comms_i2c.o
 .debug_info    0x00018950     0x1821 ./ra/fsp/src/rm_comms_i2c/rm_comms_i2c_driver_ra.o
 .debug_info    0x0001a171     0xa184 ./ra/fsp/src/r_sci_uart/r_sci_uart.o
 .debug_info    0x000242f5     0x770d ./ra/fsp/src/r_ioport/r_ioport.o
 .debug_info    0x0002ba02     0x85f2 ./ra/fsp/src/r_iic_master/r_iic_master.o
 .debug_info    0x00033ff4      0x4e6 ./ra/fsp/src/bsp/mcu/ra6m5/bsp_linker.o
 .debug_info    0x000344da     0x63f4 ./ra/fsp/src/bsp/mcu/all/bsp_clocks.o
 .debug_info    0x0003a8ce      0x96f ./ra/fsp/src/bsp/mcu/all/bsp_common.o
 .debug_info    0x0003b23d      0x204 ./ra/fsp/src/bsp/mcu/all/bsp_delay.o
 .debug_info    0x0003b441     0x1363 ./ra/fsp/src/bsp/mcu/all/bsp_group_irq.o
 .debug_info    0x0003c7a4       0xb2 ./ra/fsp/src/bsp/mcu/all/bsp_io.o
 .debug_info    0x0003c856     0x2019 ./ra/fsp/src/bsp/mcu/all/bsp_irq.o
 .debug_info    0x0003e86f     0x3912 ./ra/fsp/src/bsp/mcu/all/bsp_register_protection.o
 .debug_info    0x00042181       0xd8 ./ra/fsp/src/bsp/mcu/all/bsp_sbrk.o
 .debug_info    0x00042259      0x187 ./ra/fsp/src/bsp/cmsis/Device/RENESAS/Source/startup.o
 .debug_info    0x000423e0     0x120f ./ra/fsp/src/bsp/cmsis/Device/RENESAS/Source/system.o
 .debug_info    0x000435ef       0xa5 ./ra/board/ra6m5_ck/board_init.o

.debug_abbrev   0x00000000     0x4723
 .debug_abbrev  0x00000000      0x470 ./src/dev/zmod4410/zmod4410_adapter.o
 .debug_abbrev  0x00000470      0x321 ./src/dev/uart/uart.o
 .debug_abbrev  0x00000791      0x387 ./src/dev/i2c/i2c.o
 .debug_abbrev  0x00000b18      0x1bb ./src/hal_entry.o
 .debug_abbrev  0x00000cd3      0x158 ./src/hal_warmstart.o
 .debug_abbrev  0x00000e2b      0x2a1 ./ra_gen/common_data.o
 .debug_abbrev  0x000010cc      0x2a5 ./ra_gen/hal_data.o
 .debug_abbrev  0x00001371       0x61 ./ra_gen/main.o
 .debug_abbrev  0x000013d2       0xff ./ra_gen/pin_data.o
 .debug_abbrev  0x000014d1       0xbe ./ra_gen/vector_data.o
 .debug_abbrev  0x0000158f      0x2dd ./ra/fsp/src/rm_zmod4xxx/iaq_2nd_gen/rm_zmod4410_iaq_2nd_gen.o
 .debug_abbrev  0x0000186c      0x42c ./ra/fsp/src/rm_zmod4xxx/rm_zmod4xxx.o
 .debug_abbrev  0x00001c98      0x1bb ./ra/fsp/src/rm_comms_i2c/rm_comms_i2c.o
 .debug_abbrev  0x00001e53      0x33e ./ra/fsp/src/rm_comms_i2c/rm_comms_i2c_driver_ra.o
 .debug_abbrev  0x00002191      0x622 ./ra/fsp/src/r_sci_uart/r_sci_uart.o
 .debug_abbrev  0x000027b3      0x49c ./ra/fsp/src/r_ioport/r_ioport.o
 .debug_abbrev  0x00002c4f      0x602 ./ra/fsp/src/r_iic_master/r_iic_master.o
 .debug_abbrev  0x00003251       0xe3 ./ra/fsp/src/bsp/mcu/ra6m5/bsp_linker.o
 .debug_abbrev  0x00003334      0x43d ./ra/fsp/src/bsp/mcu/all/bsp_clocks.o
 .debug_abbrev  0x00003771      0x188 ./ra/fsp/src/bsp/mcu/all/bsp_common.o
 .debug_abbrev  0x000038f9      0x10d ./ra/fsp/src/bsp/mcu/all/bsp_delay.o
 .debug_abbrev  0x00003a06      0x256 ./ra/fsp/src/bsp/mcu/all/bsp_group_irq.o
 .debug_abbrev  0x00003c5c       0x5e ./ra/fsp/src/bsp/mcu/all/bsp_io.o
 .debug_abbrev  0x00003cba      0x287 ./ra/fsp/src/bsp/mcu/all/bsp_irq.o
 .debug_abbrev  0x00003f41      0x27d ./ra/fsp/src/bsp/mcu/all/bsp_register_protection.o
 .debug_abbrev  0x000041be       0x90 ./ra/fsp/src/bsp/mcu/all/bsp_sbrk.o
 .debug_abbrev  0x0000424e      0x102 ./ra/fsp/src/bsp/cmsis/Device/RENESAS/Source/startup.o
 .debug_abbrev  0x00004350      0x378 ./ra/fsp/src/bsp/cmsis/Device/RENESAS/Source/system.o
 .debug_abbrev  0x000046c8       0x5b ./ra/board/ra6m5_ck/board_init.o

.debug_loclists
                0x00000000     0x5336
 .debug_loclists
                0x00000000      0x738 ./src/dev/zmod4410/zmod4410_adapter.o
 .debug_loclists
                0x00000738      0x18d ./src/dev/uart/uart.o
 .debug_loclists
                0x000008c5      0x3f7 ./src/dev/i2c/i2c.o
 .debug_loclists
                0x00000cbc       0x30 ./src/hal_entry.o
 .debug_loclists
                0x00000cec       0x29 ./src/hal_warmstart.o
 .debug_loclists
                0x00000d15      0x1f3 ./ra/fsp/src/rm_zmod4xxx/iaq_2nd_gen/rm_zmod4410_iaq_2nd_gen.o
 .debug_loclists
                0x00000f08     0x12ee ./ra/fsp/src/rm_zmod4xxx/rm_zmod4xxx.o
 .debug_loclists